Archive member included to satisfy reference by file (symbol)

C:/Users/hp/SimplicityStudio/SDKs/gecko_sdk//platform/radio/rail_lib/autogen/librail_release/librail_efr32xg23_gcc_release.a(rail_zwave_rf_hal.o)
                              ./gecko_sdk_4.5.0/platform/radio/rail_lib/plugin/rail_util_protocol/sl_rail_util_protocol.o (RAIL_ZWAVE_REGION_EU)
C:/Users/hp/SimplicityStudio/SDKs/gecko_sdk//platform/radio/rail_lib/autogen/librail_release/librail_efr32xg23_gcc_release.a(rfhal_ircal.o)
                              C:/Users/hp/SimplicityStudio/SDKs/gecko_sdk//platform/radio/rail_lib/autogen/librail_release/librail_efr32xg23_gcc_release.a(rail_zwave_rf_hal.o) (RAILINT_cfa5a467c37a5670581316d9a449dab5)
C:/Users/hp/SimplicityStudio/SDKs/gecko_sdk//platform/radio/rail_lib/autogen/librail_release/librail_efr32xg23_gcc_release.a(rfhal_antenna.o)
                              C:/Users/hp/SimplicityStudio/SDKs/gecko_sdk//platform/radio/rail_lib/autogen/librail_release/librail_efr32xg23_gcc_release.a(rfhal_ircal.o) (RAILINT_7c4474e9c252fd93501bbf7d6298f3d3)
C:/Users/hp/SimplicityStudio/SDKs/gecko_sdk//platform/radio/rail_lib/autogen/librail_release/librail_efr32xg23_gcc_release.a(rfhal_bufc.o)
                              C:/Users/hp/SimplicityStudio/SDKs/gecko_sdk//platform/radio/rail_lib/autogen/librail_release/librail_efr32xg23_gcc_release.a(rfhal_ircal.o) (RAILINT_6281eecc9c4ea6e1ecc523be2e1d48d2)
C:/Users/hp/SimplicityStudio/SDKs/gecko_sdk//platform/radio/rail_lib/autogen/librail_release/librail_efr32xg23_gcc_release.a(rfhal_pa.o)
                              C:/Users/hp/SimplicityStudio/SDKs/gecko_sdk//platform/radio/rail_lib/autogen/librail_release/librail_efr32xg23_gcc_release.a(rail_zwave_rf_hal.o) (RAILINT_4afebab4d21eb082c7788c52f582aebd)
C:/Users/hp/SimplicityStudio/SDKs/gecko_sdk//platform/radio/rail_lib/autogen/librail_release/librail_efr32xg23_gcc_release.a(rfhal_protimer.o)
                              C:/Users/hp/SimplicityStudio/SDKs/gecko_sdk//platform/radio/rail_lib/autogen/librail_release/librail_efr32xg23_gcc_release.a(rfhal_ircal.o) (RAILINT_2223a417874d3df58e7836e188fbd679)
C:/Users/hp/SimplicityStudio/SDKs/gecko_sdk//platform/radio/rail_lib/autogen/librail_release/librail_efr32xg23_gcc_release.a(rfhal_radio.o)
                              C:/Users/hp/SimplicityStudio/SDKs/gecko_sdk//platform/radio/rail_lib/autogen/librail_release/librail_efr32xg23_gcc_release.a(rail_zwave_rf_hal.o) (RAILINT_218cde0c3f45a7d04cd5b221c6c89ad2)
C:/Users/hp/SimplicityStudio/SDKs/gecko_sdk//platform/radio/rail_lib/autogen/librail_release/librail_efr32xg23_gcc_release.a(rfhal_synth.o)
                              C:/Users/hp/SimplicityStudio/SDKs/gecko_sdk//platform/radio/rail_lib/autogen/librail_release/librail_efr32xg23_gcc_release.a(rfhal_ircal.o) (RAILINT_9e306f55d2f3c85a26d2a5212585345f)
C:/Users/hp/SimplicityStudio/SDKs/gecko_sdk//platform/radio/rail_lib/autogen/librail_release/librail_efr32xg23_gcc_release.a(rfhal_timings.o)
                              C:/Users/hp/SimplicityStudio/SDKs/gecko_sdk//platform/radio/rail_lib/autogen/librail_release/librail_efr32xg23_gcc_release.a(rfhal_pa.o) (RAILINT_06b1ea13261364007801a74aa7e1e357)
C:/Users/hp/SimplicityStudio/SDKs/gecko_sdk//platform/radio/rail_lib/autogen/librail_release/librail_efr32xg23_gcc_release.a(seq_globals.o)
                              C:/Users/hp/SimplicityStudio/SDKs/gecko_sdk//platform/radio/rail_lib/autogen/librail_release/librail_efr32xg23_gcc_release.a(rfhal_radio.o) (RAILINT_9743c96ef075be688881e5d1e5667476)
C:/Users/hp/SimplicityStudio/SDKs/gecko_sdk//platform/radio/rail_lib/autogen/librail_release/librail_efr32xg23_gcc_release.a(generic_phy.o)
                              C:/Users/hp/SimplicityStudio/SDKs/gecko_sdk//platform/radio/rail_lib/autogen/librail_release/librail_efr32xg23_gcc_release.a(rail_zwave_rf_hal.o) (RAILINT_e56520736dccfc6b4febe00b533ea27a)
C:/Users/hp/SimplicityStudio/SDKs/gecko_sdk//platform/radio/rail_lib/autogen/librail_release/librail_efr32xg23_gcc_release.a(generic_efr32xg23_release_seq.o)
                              C:/Users/hp/SimplicityStudio/SDKs/gecko_sdk//platform/radio/rail_lib/autogen/librail_release/librail_efr32xg23_gcc_release.a(rfhal_radio.o) (RAILINT_92778c07306e92722c65f3193fdf1096)
C:/Users/hp/SimplicityStudio/SDKs/gecko_sdk//platform/radio/rail_lib/autogen/librail_release/librail_efr32xg23_gcc_release.a(zwave_efr32xg23_configurator_out.o)
                              C:/Users/hp/SimplicityStudio/SDKs/gecko_sdk//platform/radio/rail_lib/autogen/librail_release/librail_efr32xg23_gcc_release.a(rail_zwave_rf_hal.o) (RAILINT_a2d9bf5b318689840b919f604b0e95b4)
C:/Users/hp/SimplicityStudio/SDKs/gecko_sdk//platform/radio/rail_lib/autogen/librail_release/librail_efr32xg23_gcc_release.a(rail_singleprotocol.o)
                              ./autogen/sl_rail_util_init.o (RAIL_Init)
[...]
Memory Configuration

Name             Origin             Length             Attributes
FLASH            0x08000000         0x0007e000         xr
RAM              0x20000000         0x00010000         xrw
*default*        0x00000000         0xffffffff

Linker script and memory map

LOAD c:/siliconlabs/simplicitystudio/v5/developer/toolchains/gnu_arm/12.2.rel1_2023.7/bin/../lib/gcc/arm-none-eabi/12.2.1/thumb/v8-m.main+fp/hard/crti.o
LOAD c:/siliconlabs/simplicitystudio/v5/developer/toolchains/gnu_arm/12.2.rel1_2023.7/bin/../lib/gcc/arm-none-eabi/12.2.1/thumb/v8-m.main+fp/hard/crtbegin.o
LOAD c:/siliconlabs/simplicitystudio/v5/developer/toolchains/gnu_arm/12.2.rel1_2023.7/bin/../lib/gcc/arm-none-eabi/12.2.1/thumb/v8-m.main+fp/hard/crt0.o
START GROUP
LOAD ./autogen/rail_config.o
LOAD ./autogen/sl_board_default_init.o
LOAD ./autogen/sl_cli_command_table.o
LOAD ./autogen/sl_cli_instances.o
LOAD ./autogen/sl_device_init_clocks.o
LOAD ./autogen/sl_event_handler.o
LOAD ./autogen/sl_iostream_handles.o
LOAD ./autogen/sl_iostream_init_eusart_instances.o
LOAD ./autogen/sl_rail_util_callbacks.o
LOAD ./autogen/sl_rail_util_init.o
LOAD ./autogen/sl_simple_button_instances.o
LOAD ./autogen/sli_cli_hooks.o
LOAD ./gecko_sdk_4.5.0/app/common/util/app_log/app_log.o
LOAD ./gecko_sdk_4.5.0/app/flex/component/rail/sl_flex_rail_package_assistant/sl_flex_rail_package_assistant.o
LOAD ./gecko_sdk_4.5.0/app/flex/component/rail/sl_flex_rail_package_assistant/sl_flex_rail_package_assistant_cli.o
LOAD ./gecko_sdk_4.5.0/app/flex/component/rail/sl_flex_rail_packet_asm/sl_flex_packet_asm.o
LOAD ./gecko_sdk_4.5.0/app/flex/component/rail/sl_range_test_cli/range_test_cli.o
LOAD ./gecko_sdk_4.5.0/app/flex/component/rail/sl_range_test_core/app_button.o
LOAD ./gecko_sdk_4.5.0/app/flex/component/rail/sl_range_test_core/app_graphics.o
LOAD ./gecko_sdk_4.5.0/app/flex/component/rail/sl_range_test_core/app_init.o
LOAD ./gecko_sdk_4.5.0/app/flex/component/rail/sl_range_test_core/app_measurement.o
LOAD ./gecko_sdk_4.5.0/app/flex/component/rail/sl_range_test_core/app_menu.o
LOAD ./gecko_sdk_4.5.0/app/flex/component/rail/sl_range_test_core/app_process.o
LOAD ./gecko_sdk_4.5.0/hardware/board/src/sl_board_control_gpio.o
LOAD ./gecko_sdk_4.5.0/hardware/board/src/sl_board_init.o
LOAD ./gecko_sdk_4.5.0/hardware/driver/configuration_over_swo/src/sl_cos.o
LOAD ./gecko_sdk_4.5.0/hardware/driver/memlcd/src/memlcd_usart/sl_memlcd_spi.o
LOAD ./gecko_sdk_4.5.0/hardware/driver/memlcd/src/sl_memlcd.o
LOAD ./gecko_sdk_4.5.0/hardware/driver/memlcd/src/sl_memlcd_display.o
LOAD ./gecko_sdk_4.5.0/hardware/driver/mx25_flash_shutdown/src/sl_mx25_flash_shutdown_usart/sl_mx25_flash_shutdown.o
LOAD ./gecko_sdk_4.5.0/platform/Device/SiliconLabs/EFR32ZG23/Source/startup_efr32zg23.o
LOAD ./gecko_sdk_4.5.0/platform/Device/SiliconLabs/EFR32ZG23/Source/system_efr32zg23.o
LOAD ./gecko_sdk_4.5.0/platform/common/src/sl_assert.o
LOAD ./gecko_sdk_4.5.0/platform/common/src/sl_slist.o
LOAD ./gecko_sdk_4.5.0/platform/common/src/sl_string.o
LOAD ./gecko_sdk_4.5.0/platform/common/src/sl_syscalls.o
LOAD ./gecko_sdk_4.5.0/platform/common/toolchain/src/sl_memory.o
LOAD ./gecko_sdk_4.5.0/platform/driver/button/src/sl_button.o
LOAD ./gecko_sdk_4.5.0/platform/driver/button/src/sl_simple_button.o
LOAD ./gecko_sdk_4.5.0/platform/driver/debug/src/sl_debug_swo.o
LOAD ./gecko_sdk_4.5.0/platform/emdrv/dmadrv/src/dmadrv.o
LOAD ./gecko_sdk_4.5.0/platform/emdrv/gpiointerrupt/src/gpiointerrupt.o
LOAD ./gecko_sdk_4.5.0/platform/emlib/src/em_burtc.o
LOAD ./gecko_sdk_4.5.0/platform/emlib/src/em_cmu.o
LOAD ./gecko_sdk_4.5.0/platform/emlib/src/em_core.o
LOAD ./gecko_sdk_4.5.0/platform/emlib/src/em_emu.o
LOAD ./gecko_sdk_4.5.0/platform/emlib/src/em_eusart.o
LOAD ./gecko_sdk_4.5.0/platform/emlib/src/em_gpio.o
LOAD ./gecko_sdk_4.5.0/platform/emlib/src/em_ldma.o
LOAD ./gecko_sdk_4.5.0/platform/emlib/src/em_msc.o
LOAD ./gecko_sdk_4.5.0/platform/emlib/src/em_prs.o
LOAD ./gecko_sdk_4.5.0/platform/emlib/src/em_system.o
LOAD ./gecko_sdk_4.5.0/platform/emlib/src/em_timer.o
LOAD ./gecko_sdk_4.5.0/platform/emlib/src/em_usart.o
LOAD ./gecko_sdk_4.5.0/platform/middleware/glib/dmd/display/dmd_memlcd.o
LOAD ./gecko_sdk_4.5.0/platform/middleware/glib/fonts/glib_font_narrow_6x8.o
LOAD ./gecko_sdk_4.5.0/platform/middleware/glib/fonts/glib_font_normal_8x8.o
LOAD ./gecko_sdk_4.5.0/platform/middleware/glib/fonts/glib_font_number_16x20.o
LOAD ./gecko_sdk_4.5.0/platform/middleware/glib/glib/bmp.o
LOAD ./gecko_sdk_4.5.0/platform/middleware/glib/glib/glib.o
LOAD ./gecko_sdk_4.5.0/platform/middleware/glib/glib/glib_bitmap.o
LOAD ./gecko_sdk_4.5.0/platform/middleware/glib/glib/glib_circle.o
LOAD ./gecko_sdk_4.5.0/platform/middleware/glib/glib/glib_line.o
LOAD ./gecko_sdk_4.5.0/platform/middleware/glib/glib/glib_polygon.o
LOAD ./gecko_sdk_4.5.0/platform/middleware/glib/glib/glib_rectangle.o
LOAD ./gecko_sdk_4.5.0/platform/middleware/glib/glib/glib_string.o
LOAD ./gecko_sdk_4.5.0/platform/peripheral/src/peripheral_sysrtc.o
LOAD ./gecko_sdk_4.5.0/platform/radio/rail_lib/plugin/pa-conversions/pa_conversions_efr32.o
LOAD ./gecko_sdk_4.5.0/platform/radio/rail_lib/plugin/pa-conversions/pa_curves_efr32.o
LOAD ./gecko_sdk_4.5.0/platform/radio/rail_lib/plugin/rail_util_protocol/sl_rail_util_protocol.o
LOAD ./gecko_sdk_4.5.0/platform/radio/rail_lib/plugin/rail_util_pti/sl_rail_util_pti.o
LOAD ./gecko_sdk_4.5.0/platform/radio/rail_lib/plugin/rail_util_rssi/sl_rail_util_rssi.o
LOAD ./gecko_sdk_4.5.0/platform/service/cli/src/sl_cli.o
LOAD ./gecko_sdk_4.5.0/platform/service/cli/src/sl_cli_arguments.o
LOAD ./gecko_sdk_4.5.0/platform/service/cli/src/sl_cli_command.o
LOAD ./gecko_sdk_4.5.0/platform/service/cli/src/sl_cli_input.o
LOAD ./gecko_sdk_4.5.0/platform/service/cli/src/sl_cli_io.o
LOAD ./gecko_sdk_4.5.0/platform/service/cli/src/sl_cli_tokenize.o
LOAD ./gecko_sdk_4.5.0/platform/service/device_init/src/sl_device_init_dcdc_s2.o
LOAD ./gecko_sdk_4.5.0/platform/service/device_init/src/sl_device_init_emu_s2.o
LOAD ./gecko_sdk_4.5.0/platform/service/device_init/src/sl_device_init_hfxo_s2.o
LOAD ./gecko_sdk_4.5.0/platform/service/device_init/src/sl_device_init_lfxo_s2.o
LOAD ./gecko_sdk_4.5.0/platform/service/device_init/src/sl_device_init_nvic.o
LOAD ./gecko_sdk_4.5.0/platform/service/iostream/src/sl_iostream.o
LOAD ./gecko_sdk_4.5.0/platform/service/iostream/src/sl_iostream_eusart.o
LOAD ./gecko_sdk_4.5.0/platform/service/iostream/src/sl_iostream_retarget_stdio.o
LOAD ./gecko_sdk_4.5.0/platform/service/iostream/src/sl_iostream_stdlib_config.o
LOAD ./gecko_sdk_4.5.0/platform/service/iostream/src/sl_iostream_uart.o
LOAD ./gecko_sdk_4.5.0/platform/service/mpu/src/sl_mpu.o
LOAD ./gecko_sdk_4.5.0/platform/service/sleeptimer/src/sl_sleeptimer.o
LOAD ./gecko_sdk_4.5.0/platform/service/sleeptimer/src/sl_sleeptimer_hal_burtc.o
LOAD ./gecko_sdk_4.5.0/platform/service/sleeptimer/src/sl_sleeptimer_hal_sysrtc.o
LOAD ./gecko_sdk_4.5.0/platform/service/sleeptimer/src/sl_sleeptimer_hal_timer.o
LOAD ./gecko_sdk_4.5.0/platform/service/system/src/sl_system_init.o
LOAD ./gecko_sdk_4.5.0/platform/service/system/src/sl_system_process_action.o
LOAD ./gecko_sdk_4.5.0/platform/service/udelay/src/sl_udelay.o
LOAD ./gecko_sdk_4.5.0/platform/service/udelay/src/sl_udelay_armv6m_gcc.o
LOAD ./gecko_sdk_4.5.0/util/third_party/printf/printf.o
LOAD ./gecko_sdk_4.5.0/util/third_party/printf/src/iostream_printf.o
LOAD ./main.o
LOAD C:/Users/hp/SimplicityStudio/SDKs/gecko_sdk//platform/radio/rail_lib/autogen/librail_release/librail_efr32xg23_gcc_release.a
LOAD c:/siliconlabs/simplicitystudio/v5/developer/toolchains/gnu_arm/12.2.rel1_2023.7/bin/../lib/gcc/arm-none-eabi/12.2.1/thumb/v8-m.main+fp/hard\libgcc.a
LOAD c:/siliconlabs/simplicitystudio/v5/developer/toolchains/gnu_arm/12.2.rel1_2023.7/bin/../lib/gcc/arm-none-eabi/12.2.1/thumb/v8-m.main+fp/hard\libc_nano.a
LOAD c:/siliconlabs/simplicitystudio/v5/developer/toolchains/gnu_arm/12.2.rel1_2023.7/bin/../lib/gcc/arm-none-eabi/12.2.1/thumb/v8-m.main+fp/hard\libm.a
LOAD c:/siliconlabs/simplicitystudio/v5/developer/toolchains/gnu_arm/12.2.rel1_2023.7/bin/../lib/gcc/arm-none-eabi/12.2.1/thumb/v8-m.main+fp/hard\libnosys.a
END GROUP
START GROUP
LOAD c:/siliconlabs/simplicitystudio/v5/developer/toolchains/gnu_arm/12.2.rel1_2023.7/bin/../lib/gcc/arm-none-eabi/12.2.1/thumb/v8-m.main+fp/hard\libgcc.a
LOAD c:/siliconlabs/simplicitystudio/v5/developer/toolchains/gnu_arm/12.2.rel1_2023.7/bin/../lib/gcc/arm-none-eabi/12.2.1/thumb/v8-m.main+fp/hard\libc_nano.a
LOAD c:/siliconlabs/simplicitystudio/v5/developer/toolchains/gnu_arm/12.2.rel1_2023.7/bin/../lib/gcc/arm-none-eabi/12.2.1/thumb/v8-m.main+fp/hard\libnosys.a
END GROUP
START GROUP
LOAD c:/siliconlabs/simplicitystudio/v5/developer/toolchains/gnu_arm/12.2.rel1_2023.7/bin/../lib/gcc/arm-none-eabi/12.2.1/thumb/v8-m.main+fp/hard\libgcc.a
LOAD c:/siliconlabs/simplicitystudio/v5/developer/toolchains/gnu_arm/12.2.rel1_2023.7/bin/../lib/gcc/arm-none-eabi/12.2.1/thumb/v8-m.main+fp/hard\libg_nano.a
LOAD c:/siliconlabs/simplicitystudio/v5/developer/toolchains/gnu_arm/12.2.rel1_2023.7/bin/../lib/gcc/arm-none-eabi/12.2.1/thumb/v8-m.main+fp/hard\libc_nano.a
END GROUP
START GROUP
LOAD c:/siliconlabs/simplicitystudio/v5/developer/toolchains/gnu_arm/12.2.rel1_2023.7/bin/../lib/gcc/arm-none-eabi/12.2.1/thumb/v8-m.main+fp/hard\libgcc.a
LOAD c:/siliconlabs/simplicitystudio/v5/developer/toolchains/gnu_arm/12.2.rel1_2023.7/bin/../lib/gcc/arm-none-eabi/12.2.1/thumb/v8-m.main+fp/hard\libc_nano.a
END GROUP
LOAD c:/siliconlabs/simplicitystudio/v5/developer/toolchains/gnu_arm/12.2.rel1_2023.7/bin/../lib/gcc/arm-none-eabi/12.2.1/thumb/v8-m.main+fp/hard/crtend.o
LOAD c:/siliconlabs/simplicitystudio/v5/developer/toolchains/gnu_arm/12.2.rel1_2023.7/bin/../lib/gcc/arm-none-eabi/12.2.1/thumb/v8-m.main+fp/hard/crtn.o

.text           0x08000000    0x1cbd8
                0x08000000                linker_vectors_begin = .
 *(.vectors)
 .vectors       0x08000000      0x170 ./gecko_sdk_4.5.0/platform/Device/SiliconLabs/EFR32ZG23/Source/startup_efr32zg23.o
                0x08000000                __Vectors
                0x08000170                linker_vectors_end = .
                0x08000170                __Vectors_End = .
                0x08000170                __Vectors_Size = (__Vectors_End - __Vectors)
                0x08000170                linker_code_begin = .
 *(SORT_BY_ALIGNMENT(.text*))
 .text          0x08000170        0x8 ./gecko_sdk_4.5.0/platform/service/udelay/src/sl_udelay_armv6m_gcc.o
                0x08000170                sli_delay_loop
 .text.sl_rail_util_init_inst0
                0x08000178      0x288 ./autogen/sl_rail_util_init.o
 .text._etoa    0x08000400      0x3f0 ./gecko_sdk_4.5.0/util/third_party/printf/printf.o
 .text._ftoa    0x080007f0      0x398 ./gecko_sdk_4.5.0/util/third_party/printf/printf.o
 .text.deregister_tm_clones
                0x08000b88       0x1c c:/siliconlabs/simplicitystudio/v5/developer/toolchains/gnu_arm/12.2.rel1_2023.7/bin/../lib/gcc/arm-none-eabi/12.2.1/thumb/v8-m.main+fp/hard/crtbegin.o
 .text.register_tm_clones
                0x08000ba4       0x28 c:/siliconlabs/simplicitystudio/v5/developer/toolchains/gnu_arm/12.2.rel1_2023.7/bin/../lib/gcc/arm-none-eabi/12.2.1/thumb/v8-m.main+fp/hard/crtbegin.o
 .text.__do_global_dtors_aux
                0x08000bcc       0x28 c:/siliconlabs/simplicitystudio/v5/developer/toolchains/gnu_arm/12.2.rel1_2023.7/bin/../lib/gcc/arm-none-eabi/12.2.1/thumb/v8-m.main+fp/hard/crtbegin.o
 .text.frame_dummy
                0x08000bf4       0x24 c:/siliconlabs/simplicitystudio/v5/developer/toolchains/gnu_arm/12.2.rel1_2023.7/bin/../lib/gcc/arm-none-eabi/12.2.1/thumb/v8-m.main+fp/hard/crtbegin.o
 .text          0x08000c18       0x7c c:/siliconlabs/simplicitystudio/v5/developer/toolchains/gnu_arm/12.2.rel1_2023.7/bin/../lib/gcc/arm-none-eabi/12.2.1/thumb/v8-m.main+fp/hard/crt0.o
                0x08000c18                _stack_init
                0x08000c20                _start
                0x08000c20                _mainCRTStartup
 .text.sl_cli_instances_init
                0x08000c94       0x40 ./autogen/sl_cli_instances.o
                0x08000c94                sl_cli_instances_init
 .text.sl_cli_instances_tick
                0x08000cd4       0x24 ./autogen/sl_cli_instances.o
                0x08000cd4                sl_cli_instances_tick
 .text.sl_device_init_clocks
                0x08000cf8       0xb0 ./autogen/sl_device_init_clocks.o
                0x08000cf8                sl_device_init_clocks
 .text.CHIP_Init
                0x08000da8       0x7c ./autogen/sl_event_handler.o
 .text.sl_iostream_eusart_init_vcom
                0x08000e24       0xb4 ./autogen/sl_iostream_init_eusart_instances.o
                0x08000e24                sl_iostream_eusart_init_vcom
 .text.EUSART0_TX_IRQHandler
                0x08000ed8       0x10 ./autogen/sl_iostream_init_eusart_instances.o
                0x08000ed8                EUSART0_TX_IRQHandler
 .text.EUSART0_RX_IRQHandler
                0x08000ee8       0x10 ./autogen/sl_iostream_init_eusart_instances.o
                0x08000ee8                EUSART0_RX_IRQHandler
 .text.sl_rail_util_on_assert_failed
                0x08000ef8       0x64 ./autogen/sl_rail_util_callbacks.o
                0x08000ef8                sl_rail_util_on_assert_failed
 .text.sl_rail_util_get_handle
                0x08000f5c       0x1c ./autogen/sl_rail_util_init.o
                0x08000f5c                sl_rail_util_get_handle
 .text.sl_simple_button_init_instances
                0x08000f78       0x18 ./autogen/sl_simple_button_instances.o
                0x08000f78                sl_simple_button_init_instances
 .text.app_log_check_level
                0x08000f90       0x40 ./gecko_sdk_4.5.0/app/common/util/app_log/app_log.o
                0x08000f90                app_log_check_level
 .text.app_log_init
                0x08000fd0       0x38 ./gecko_sdk_4.5.0/app/common/util/app_log/app_log.o
                0x08000fd0                app_log_init
 .text.get_print_packet_info
                0x08001008        0xc ./gecko_sdk_4.5.0/app/flex/component/rail/sl_flex_rail_package_assistant/sl_flex_rail_package_assistant.o
                0x08001008                get_print_packet_info
 .text.set_print_packet_info
                0x08001014        0xc ./gecko_sdk_4.5.0/app/flex/component/rail/sl_flex_rail_package_assistant/sl_flex_rail_package_assistant.o
                0x08001014                set_print_packet_info
 .text.unpack_packet
                0x08001020       0x44 ./gecko_sdk_4.5.0/app/flex/component/rail/sl_flex_rail_package_assistant/sl_flex_rail_package_assistant.o
                0x08001020                unpack_packet
 .text.prepare_package
                0x08001064       0xa0 ./gecko_sdk_4.5.0/app/flex/component/rail/sl_flex_rail_package_assistant/sl_flex_rail_package_assistant.o
                0x08001064                prepare_package
 .text.cli_get_print_package_info
                0x08001104       0x40 ./gecko_sdk_4.5.0/app/flex/component/rail/sl_flex_rail_package_assistant/sl_flex_rail_package_assistant_cli.o
                0x08001104                cli_get_print_package_info
 .text.cli_set_print_package_info
                0x08001144       0x58 ./gecko_sdk_4.5.0/app/flex/component/rail/sl_flex_rail_package_assistant/sl_flex_rail_package_assistant_cli.o
                0x08001144                cli_set_print_package_info
 .text.cli_list_phys
                0x0800119c       0x54 ./gecko_sdk_4.5.0/app/flex/component/rail/sl_range_test_cli/range_test_cli.o
                0x0800119c                cli_list_phys
 .text.cli_get_mode
                0x080011f0       0x40 ./gecko_sdk_4.5.0/app/flex/component/rail/sl_range_test_cli/range_test_cli.o
                0x080011f0                cli_get_mode
 .text.cli_set_mode
                0x08001230       0xa0 ./gecko_sdk_4.5.0/app/flex/component/rail/sl_range_test_cli/range_test_cli.o
                0x08001230                cli_set_mode
 .text.cli_get_phy
                0x080012d0       0x58 ./gecko_sdk_4.5.0/app/flex/component/rail/sl_range_test_cli/range_test_cli.o
                0x080012d0                cli_get_phy
 .text.cli_set_phy
                0x08001328       0xbc ./gecko_sdk_4.5.0/app/flex/component/rail/sl_range_test_cli/range_test_cli.o
                0x08001328                cli_set_phy
 .text.cli_get_power
                0x080013e4       0xa8 ./gecko_sdk_4.5.0/app/flex/component/rail/sl_range_test_cli/range_test_cli.o
                0x080013e4                cli_get_power
 .text.cli_set_power
                0x0800148c       0x94 ./gecko_sdk_4.5.0/app/flex/component/rail/sl_range_test_cli/range_test_cli.o
                0x0800148c                cli_set_power
 .text.cli_get_frequency
                0x08001520       0xa8 ./gecko_sdk_4.5.0/app/flex/component/rail/sl_range_test_cli/range_test_cli.o
                0x08001520                cli_get_frequency
 .text.cli_get_channel_number
                0x080015c8       0x34 ./gecko_sdk_4.5.0/app/flex/component/rail/sl_range_test_cli/range_test_cli.o
                0x080015c8                cli_get_channel_number
 .text.cli_set_channel_number
                0x080015fc       0xa0 ./gecko_sdk_4.5.0/app/flex/component/rail/sl_range_test_cli/range_test_cli.o
                0x080015fc                cli_set_channel_number
 .text.cli_get_payload_length
                0x0800169c       0x30 ./gecko_sdk_4.5.0/app/flex/component/rail/sl_range_test_cli/range_test_cli.o
                0x0800169c                cli_get_payload_length
 .text.cli_set_payload_length
                0x080016cc       0xa0 ./gecko_sdk_4.5.0/app/flex/component/rail/sl_range_test_cli/range_test_cli.o
                0x080016cc                cli_set_payload_length
 .text.cli_get_packet_count
                0x0800176c       0x64 ./gecko_sdk_4.5.0/app/flex/component/rail/sl_range_test_cli/range_test_cli.o
                0x0800176c                cli_get_packet_count
 .text.cli_set_packet_count
                0x080017d0       0x80 ./gecko_sdk_4.5.0/app/flex/component/rail/sl_range_test_cli/range_test_cli.o
                0x080017d0                cli_set_packet_count
 .text.cli_get_remote_id
                0x08001850       0x30 ./gecko_sdk_4.5.0/app/flex/component/rail/sl_range_test_cli/range_test_cli.o
                0x08001850                cli_get_remote_id
 .text.cli_set_remote_id
                0x08001880       0x70 ./gecko_sdk_4.5.0/app/flex/component/rail/sl_range_test_cli/range_test_cli.o
                0x08001880                cli_set_remote_id
 .text.cli_get_self_id
                0x080018f0       0x30 ./gecko_sdk_4.5.0/app/flex/component/rail/sl_range_test_cli/range_test_cli.o
                0x080018f0                cli_get_self_id
 .text.cli_set_self_id
                0x08001920       0x70 ./gecko_sdk_4.5.0/app/flex/component/rail/sl_range_test_cli/range_test_cli.o
                0x08001920                cli_set_self_id
 .text.cli_get_ma_window_size
                0x08001990       0x30 ./gecko_sdk_4.5.0/app/flex/component/rail/sl_range_test_cli/range_test_cli.o
                0x08001990                cli_get_ma_window_size
 .text.cli_set_ma_window_size
                0x080019c0       0x7c ./gecko_sdk_4.5.0/app/flex/component/rail/sl_range_test_cli/range_test_cli.o
                0x080019c0                cli_set_ma_window_size
 .text.cli_get_usart_log_enable
                0x08001a3c       0x40 ./gecko_sdk_4.5.0/app/flex/component/rail/sl_range_test_cli/range_test_cli.o
                0x08001a3c                cli_get_usart_log_enable
 .text.cli_set_usart_log_enable
                0x08001a7c       0x78 ./gecko_sdk_4.5.0/app/flex/component/rail/sl_range_test_cli/range_test_cli.o
                0x08001a7c                cli_set_usart_log_enable
 .text.cli_start_measurement
                0x08001af4       0x24 ./gecko_sdk_4.5.0/app/flex/component/rail/sl_range_test_cli/range_test_cli.o
                0x08001af4                cli_start_measurement
 .text.cli_stop_measurement
                0x08001b18       0x30 ./gecko_sdk_4.5.0/app/flex/component/rail/sl_range_test_cli/range_test_cli.o
                0x08001b18                cli_stop_measurement
 .text.cli_info
                0x08001b48       0x94 ./gecko_sdk_4.5.0/app/flex/component/rail/sl_range_test_cli/range_test_cli.o
                0x08001b48                cli_info
 .text.init_button_delay
                0x08001bdc       0x24 ./gecko_sdk_4.5.0/app/flex/component/rail/sl_range_test_core/app_button.o
                0x08001bdc                init_button_delay
 .text.get_and_clear_button_state
                0x08001c00       0x28 ./gecko_sdk_4.5.0/app/flex/component/rail/sl_range_test_core/app_button.o
                0x08001c00                get_and_clear_button_state
 .text.sl_button_on_change
                0x08001c28       0xd8 ./gecko_sdk_4.5.0/app/flex/component/rail/sl_range_test_core/app_button.o
                0x08001c28                sl_button_on_change
 .text.button_long_press_callback
                0x08001d00       0x64 ./gecko_sdk_4.5.0/app/flex/component/rail/sl_range_test_core/app_button.o
 .text.graphics_get_rssi_value
                0x08001d64       0x30 ./gecko_sdk_4.5.0/app/flex/component/rail/sl_range_test_core/app_graphics.o
 .text.graphics_draw_item_pointer
                0x08001d94       0x64 ./gecko_sdk_4.5.0/app/flex/component/rail/sl_range_test_core/app_graphics.o
 .text.graphics_draw_menu_frame
                0x08001df8       0x94 ./gecko_sdk_4.5.0/app/flex/component/rail/sl_range_test_core/app_graphics.o
 .text.graphics_draw_title_text
                0x08001e8c       0x2c ./gecko_sdk_4.5.0/app/flex/component/rail/sl_range_test_core/app_graphics.o
 .text.graphics_draw_button_icon
                0x08001eb8      0x16c ./gecko_sdk_4.5.0/app/flex/component/rail/sl_range_test_core/app_graphics.o
 .text.graphics_draw_rssi_chart_frame
                0x08002024       0xe0 ./gecko_sdk_4.5.0/app/flex/component/rail/sl_range_test_core/app_graphics.o
 .text.graphics_draw_rssi_chart
                0x08002104       0x44 ./gecko_sdk_4.5.0/app/flex/component/rail/sl_range_test_core/app_graphics.o
 .text.graphics_draw_menu_items
                0x08002148       0x78 ./gecko_sdk_4.5.0/app/flex/component/rail/sl_range_test_core/app_graphics.o
 .text.graphics_draw_volatile_info
                0x080021c0      0x1a0 ./gecko_sdk_4.5.0/app/flex/component/rail/sl_range_test_core/app_graphics.o
 .text.graphics_draw_constans_info
                0x08002360      0x394 ./gecko_sdk_4.5.0/app/flex/component/rail/sl_range_test_core/app_graphics.o
 .text.graphics_init
                0x080026f4       0x34 ./gecko_sdk_4.5.0/app/flex/component/rail/sl_range_test_core/app_graphics.o
                0x080026f4                graphics_init
 .text.graphics_draw_menu
                0x08002728       0x78 ./gecko_sdk_4.5.0/app/flex/component/rail/sl_range_test_core/app_graphics.o
                0x08002728                graphics_draw_menu
 .text.graphics_draw_init_screen
                0x080027a0       0xdc ./gecko_sdk_4.5.0/app/flex/component/rail/sl_range_test_core/app_graphics.o
                0x080027a0                graphics_draw_init_screen
 .text.graphics_draw_rx_screen
                0x0800287c       0x9c ./gecko_sdk_4.5.0/app/flex/component/rail/sl_range_test_core/app_graphics.o
                0x0800287c                graphics_draw_rx_screen
 .text.graphics_draw_tx_screen
                0x08002918       0x90 ./gecko_sdk_4.5.0/app/flex/component/rail/sl_range_test_core/app_graphics.o
                0x08002918                graphics_draw_tx_screen
 .text.graphics_clear_rssi_buffer
                0x080029a8       0x24 ./gecko_sdk_4.5.0/app/flex/component/rail/sl_range_test_core/app_graphics.o
                0x080029a8                graphics_clear_rssi_buffer
 .text.graphics_add_to_rssi_buffer
                0x080029cc       0x28 ./gecko_sdk_4.5.0/app/flex/component/rail/sl_range_test_core/app_graphics.o
                0x080029cc                graphics_add_to_rssi_buffer
 .text.print_sample_app_name
                0x080029f4       0x2c ./gecko_sdk_4.5.0/app/flex/component/rail/sl_range_test_core/app_init.o
                0x080029f4                print_sample_app_name
 .text.app_init
                0x08002a20       0x78 ./gecko_sdk_4.5.0/app/flex/component/rail/sl_range_test_core/app_init.o
                0x08002a20                app_init
 .text.end_init_timer
                0x08002a98       0x80 ./gecko_sdk_4.5.0/app/flex/component/rail/sl_range_test_core/app_init.o
                0x08002a98                end_init_timer
 .text.prepare_radio_config_packet
                0x08002b18       0x20 ./gecko_sdk_4.5.0/app/flex/component/rail/sl_range_test_core/app_measurement.o
 .text.range_test_MA_clear
                0x08002b38       0x48 ./gecko_sdk_4.5.0/app/flex/component/rail/sl_range_test_core/app_measurement.o
 .text.range_test_MA_set
                0x08002b80       0x84 ./gecko_sdk_4.5.0/app/flex/component/rail/sl_range_test_core/app_measurement.o
 .text.range_test_MA_clear_all
                0x08002c04       0x14 ./gecko_sdk_4.5.0/app/flex/component/rail/sl_range_test_core/app_measurement.o
 .text.range_test_count_bits
                0x08002c18       0x48 ./gecko_sdk_4.5.0/app/flex/component/rail/sl_range_test_core/app_measurement.o
 .text.range_test_MA_get
                0x08002c60       0x34 ./gecko_sdk_4.5.0/app/flex/component/rail/sl_range_test_core/app_measurement.o
 .text.print_rx_logs
                0x08002c94       0xb8 ./gecko_sdk_4.5.0/app/flex/component/rail/sl_range_test_core/app_measurement.o
 .text.print_tx_logs
                0x08002d4c       0x50 ./gecko_sdk_4.5.0/app/flex/component/rail/sl_range_test_core/app_measurement.o
 .text.get_min_tx_power_deci_dbm
                0x08002d9c       0x74 ./gecko_sdk_4.5.0/app/flex/component/rail/sl_range_test_core/app_measurement.o
                0x08002d9c                get_min_tx_power_deci_dbm
 .text.get_max_tx_power_deci_dbm
                0x08002e10       0x70 ./gecko_sdk_4.5.0/app/flex/component/rail/sl_range_test_core/app_measurement.o
                0x08002e10                get_max_tx_power_deci_dbm
 .text.update_tx_power
                0x08002e80       0x44 ./gecko_sdk_4.5.0/app/flex/component/rail/sl_range_test_core/app_measurement.o
                0x08002e80                update_tx_power
 .text.set_power_level_to_max
                0x08002ec4       0xb0 ./gecko_sdk_4.5.0/app/flex/component/rail/sl_range_test_core/app_measurement.o
                0x08002ec4                set_power_level_to_max
 .text.get_rail_config_data
                0x08002f74       0x48 ./gecko_sdk_4.5.0/app/flex/component/rail/sl_range_test_core/app_measurement.o
                0x08002f74                get_rail_config_data
 .text.get_rail_channel_range
                0x08002fbc       0x3c ./gecko_sdk_4.5.0/app/flex/component/rail/sl_range_test_core/app_measurement.o
                0x08002fbc                get_rail_channel_range
 .text.init_range_test_phys
                0x08002ff8       0x38 ./gecko_sdk_4.5.0/app/flex/component/rail/sl_range_test_core/app_measurement.o
                0x08002ff8                init_range_test_phys
 .text.range_test_reset_values
                0x08003030       0x24 ./gecko_sdk_4.5.0/app/flex/component/rail/sl_range_test_core/app_measurement.o
                0x08003030                range_test_reset_values
 .text.range_test_init
                0x08003054       0x40 ./gecko_sdk_4.5.0/app/flex/component/rail/sl_range_test_core/app_measurement.o
                0x08003054                range_test_init
 .text.receive_setup_radio
                0x08003094       0x64 ./gecko_sdk_4.5.0/app/flex/component/rail/sl_range_test_core/app_measurement.o
                0x08003094                receive_setup_radio
 .text.receive_measurment
                0x080030f8      0x24c ./gecko_sdk_4.5.0/app/flex/component/rail/sl_range_test_core/app_measurement.o
                0x080030f8                receive_measurment
 .text.print_log
                0x08003344       0x44 ./gecko_sdk_4.5.0/app/flex/component/rail/sl_range_test_core/app_measurement.o
                0x08003344                print_log
 .text.sl_rail_util_on_event
                0x08003388      0x150 ./gecko_sdk_4.5.0/app/flex/component/rail/sl_range_test_core/app_measurement.o
                0x08003388                sl_rail_util_on_event
 .text.phy_list_generation
                0x080034d8       0x58 ./gecko_sdk_4.5.0/app/flex/component/rail/sl_range_test_core/app_measurement.o
                0x080034d8                phy_list_generation
 .text.send_packet
                0x08003530       0xa4 ./gecko_sdk_4.5.0/app/flex/component/rail/sl_range_test_core/app_measurement.o
 .text.send_measurment
                0x080035d4       0x7c ./gecko_sdk_4.5.0/app/flex/component/rail/sl_range_test_core/app_measurement.o
                0x080035d4                send_measurment
 .text.menu_show_info_display
                0x08003650       0x10 ./gecko_sdk_4.5.0/app/flex/component/rail/sl_range_test_core/app_menu.o
 .text.menu_set_rf_mode
                0x08003660       0x28 ./gecko_sdk_4.5.0/app/flex/component/rail/sl_range_test_core/app_menu.o
 .text.menu_set_packets_repeat_number
                0x08003688       0x34 ./gecko_sdk_4.5.0/app/flex/component/rail/sl_range_test_core/app_menu.o
 .text.menu_set_destination_id
                0x080036bc       0x24 ./gecko_sdk_4.5.0/app/flex/component/rail/sl_range_test_core/app_menu.o
 .text.menu_set_source_id
                0x080036e0       0x24 ./gecko_sdk_4.5.0/app/flex/component/rail/sl_range_test_core/app_menu.o
 .text.menu_set_moving_average_window
                0x08003704       0x28 ./gecko_sdk_4.5.0/app/flex/component/rail/sl_range_test_core/app_menu.o
 .text.menu_set_usart_log_enable
                0x0800372c       0x1c ./gecko_sdk_4.5.0/app/flex/component/rail/sl_range_test_core/app_menu.o
 .text.menu_start_measurment_display
                0x08003748       0x10 ./gecko_sdk_4.5.0/app/flex/component/rail/sl_range_test_core/app_menu.o
 .text.menu_set_rf_pa
                0x08003758       0x7c ./gecko_sdk_4.5.0/app/flex/component/rail/sl_range_test_core/app_menu.o
 .text.menu_set_packets_length
                0x080037d4       0x3c ./gecko_sdk_4.5.0/app/flex/component/rail/sl_range_test_core/app_menu.o
 .text.menu_set_channel
                0x08003810       0x5c ./gecko_sdk_4.5.0/app/flex/component/rail/sl_range_test_core/app_menu.o
 .text.menu_init
                0x0800386c       0x24 ./gecko_sdk_4.5.0/app/flex/component/rail/sl_range_test_core/app_menu.o
                0x0800386c                menu_init
 .text.menu_item_is_hidden
                0x08003890       0x40 ./gecko_sdk_4.5.0/app/flex/component/rail/sl_range_test_core/app_menu.o
                0x08003890                menu_item_is_hidden
 .text.menu_item_action
                0x080038d0       0x1c ./gecko_sdk_4.5.0/app/flex/component/rail/sl_range_test_core/app_menu.o
                0x080038d0                menu_item_action
 .text.menu_print_aligned
                0x080038ec       0x50 ./gecko_sdk_4.5.0/app/flex/component/rail/sl_range_test_core/app_menu.o
                0x080038ec                menu_print_aligned
 .text.menu_set_usart_log_enable_display
                0x0800393c       0x34 ./gecko_sdk_4.5.0/app/flex/component/rail/sl_range_test_core/app_menu.o
 .text.menu_set_moving_average_window_display
                0x08003970       0x38 ./gecko_sdk_4.5.0/app/flex/component/rail/sl_range_test_core/app_menu.o
 .text.menu_set_source_id_display
                0x080039a8       0x38 ./gecko_sdk_4.5.0/app/flex/component/rail/sl_range_test_core/app_menu.o
 .text.menu_set_destination_id_display
                0x080039e0       0x38 ./gecko_sdk_4.5.0/app/flex/component/rail/sl_range_test_core/app_menu.o
 .text.menu_set_packets_repeat_number_display
                0x08003a18       0x60 ./gecko_sdk_4.5.0/app/flex/component/rail/sl_range_test_core/app_menu.o
 .text.menu_set_packets_length_Display
                0x08003a78       0x38 ./gecko_sdk_4.5.0/app/flex/component/rail/sl_range_test_core/app_menu.o
 .text.menu_set_channel_display
                0x08003ab0       0x38 ./gecko_sdk_4.5.0/app/flex/component/rail/sl_range_test_core/app_menu.o
 .text.menu_set_rf_frequency_display
                0x08003ae8       0x9c ./gecko_sdk_4.5.0/app/flex/component/rail/sl_range_test_core/app_menu.o
 .text.menu_set_rf_pa_display
                0x08003b84       0x98 ./gecko_sdk_4.5.0/app/flex/component/rail/sl_range_test_core/app_menu.o
 .text.menu_set_phy_display
                0x08003c1c       0x44 ./gecko_sdk_4.5.0/app/flex/component/rail/sl_range_test_core/app_menu.o
 .text.menu_set_rf_mode_display
                0x08003c60       0x44 ./gecko_sdk_4.5.0/app/flex/component/rail/sl_range_test_core/app_menu.o
 .text.menu_get_actual_id
                0x08003ca4        0xc ./gecko_sdk_4.5.0/app/flex/component/rail/sl_range_test_core/app_menu.o
                0x08003ca4                menu_get_actual_id
 .text.menu_get_id_with_hidden
                0x08003cb0       0x30 ./gecko_sdk_4.5.0/app/flex/component/rail/sl_range_test_core/app_menu.o
                0x08003cb0                menu_get_id_with_hidden
 .text.menu_get_dispaly_start_id
                0x08003ce0        0xc ./gecko_sdk_4.5.0/app/flex/component/rail/sl_range_test_core/app_menu.o
                0x08003ce0                menu_get_dispaly_start_id
 .text.menu_is_last_item
                0x08003cec       0x10 ./gecko_sdk_4.5.0/app/flex/component/rail/sl_range_test_core/app_menu.o
                0x08003cec                menu_is_last_item
 .text.menu_next_item
                0x08003cfc       0x6c ./gecko_sdk_4.5.0/app/flex/component/rail/sl_range_test_core/app_menu.o
                0x08003cfc                menu_next_item
 .text.menu_item_str
                0x08003d68       0x1c ./gecko_sdk_4.5.0/app/flex/component/rail/sl_range_test_core/app_menu.o
                0x08003d68                menu_item_str
 .text.menu_item_icon
                0x08003d84       0x14 ./gecko_sdk_4.5.0/app/flex/component/rail/sl_range_test_core/app_menu.o
                0x08003d84                menu_item_icon
 .text.menu_set_phy
                0x08003d98       0x30 ./gecko_sdk_4.5.0/app/flex/component/rail/sl_range_test_core/app_menu.o
 .text.set_next_state
                0x08003dc8        0xc ./gecko_sdk_4.5.0/app/flex/component/rail/sl_range_test_core/app_process.o
                0x08003dc8                set_next_state
 .text.request_refresh_screen
                0x08003dd4        0xc ./gecko_sdk_4.5.0/app/flex/component/rail/sl_range_test_core/app_process.o
                0x08003dd4                request_refresh_screen
 .text.app_process_action
                0x08003de0      0x170 ./gecko_sdk_4.5.0/app/flex/component/rail/sl_range_test_core/app_process.o
                0x08003de0                app_process_action
 .text.sli_cos_swo_itm_8_write
                0x08003f50       0x90 ./gecko_sdk_4.5.0/hardware/driver/configuration_over_swo/src/sl_cos.o
 .text.sli_cos_pti_write
                0x08003fe0       0x2c ./gecko_sdk_4.5.0/hardware/driver/configuration_over_swo/src/sl_cos.o
 .text.sli_memlcd_spi_init
                0x0800400c       0x9c ./gecko_sdk_4.5.0/hardware/driver/memlcd/src/memlcd_usart/sl_memlcd_spi.o
                0x0800400c                sli_memlcd_spi_init
 .text.extcomin_toggle
                0x080040a8       0x10 ./gecko_sdk_4.5.0/hardware/driver/memlcd/src/sl_memlcd.o
 .text.sl_memlcd_power_on
                0x080040b8       0x38 ./gecko_sdk_4.5.0/hardware/driver/memlcd/src/sl_memlcd.o
                0x080040b8                sl_memlcd_power_on
 .text.sl_memlcd_clear
                0x080040f0       0x50 ./gecko_sdk_4.5.0/hardware/driver/memlcd/src/sl_memlcd.o
                0x080040f0                sl_memlcd_clear
 .text.sl_memlcd_configure
                0x08004140       0x60 ./gecko_sdk_4.5.0/hardware/driver/memlcd/src/sl_memlcd.o
                0x08004140                sl_memlcd_configure
 .text.sl_memlcd_draw
                0x080041a0       0xc4 ./gecko_sdk_4.5.0/hardware/driver/memlcd/src/sl_memlcd.o
                0x080041a0                sl_memlcd_draw
 .text.sl_memlcd_get
                0x08004264       0x18 ./gecko_sdk_4.5.0/hardware/driver/memlcd/src/sl_memlcd.o
                0x08004264                sl_memlcd_get
 .text.sl_memlcd_init
                0x0800427c       0x24 ./gecko_sdk_4.5.0/hardware/driver/memlcd/src/sl_memlcd_display.o
                0x0800427c                sl_memlcd_init
 .text.cs_low   0x080042a0       0x10 ./gecko_sdk_4.5.0/hardware/driver/mx25_flash_shutdown/src/sl_mx25_flash_shutdown_usart/sl_mx25_flash_shutdown.o
 .text.cs_high  0x080042b0       0x10 ./gecko_sdk_4.5.0/hardware/driver/mx25_flash_shutdown/src/sl_mx25_flash_shutdown_usart/sl_mx25_flash_shutdown.o
 .text.sl_mx25_flash_shutdown
                0x080042c0      0x118 ./gecko_sdk_4.5.0/hardware/driver/mx25_flash_shutdown/src/sl_mx25_flash_shutdown_usart/sl_mx25_flash_shutdown.o
                0x080042c0                sl_mx25_flash_shutdown
 .text.CopyRamFuncs
                0x080043d8       0x20 ./gecko_sdk_4.5.0/platform/Device/SiliconLabs/EFR32ZG23/Source/startup_efr32zg23.o
                0x080043d8                CopyRamFuncs
 .text.Reset_Handler
                0x080043f8       0x64 ./gecko_sdk_4.5.0/platform/Device/SiliconLabs/EFR32ZG23/Source/startup_efr32zg23.o
                0x080043f8                Reset_Handler
 .text.SystemInit
                0x0800445c       0x6c ./gecko_sdk_4.5.0/platform/Device/SiliconLabs/EFR32ZG23/Source/system_efr32zg23.o
                0x0800445c                SystemInit
 .text.SystemHFRCODPLLClockGet
                0x080044c8        0xc ./gecko_sdk_4.5.0/platform/Device/SiliconLabs/EFR32ZG23/Source/system_efr32zg23.o
                0x080044c8                SystemHFRCODPLLClockGet
 .text.SystemSYSCLKGet
                0x080044d4       0x34 ./gecko_sdk_4.5.0/platform/Device/SiliconLabs/EFR32ZG23/Source/system_efr32zg23.o
                0x080044d4                SystemSYSCLKGet
 .text.SystemHCLKGet
                0x08004508       0x24 ./gecko_sdk_4.5.0/platform/Device/SiliconLabs/EFR32ZG23/Source/system_efr32zg23.o
                0x08004508                SystemHCLKGet
 .text.SystemMaxCoreClockGet
                0x0800452c        0x8 ./gecko_sdk_4.5.0/platform/Device/SiliconLabs/EFR32ZG23/Source/system_efr32zg23.o
                0x0800452c                SystemMaxCoreClockGet
 .text.SystemHFXOClockGet
                0x08004534        0xc ./gecko_sdk_4.5.0/platform/Device/SiliconLabs/EFR32ZG23/Source/system_efr32zg23.o
                0x08004534                SystemHFXOClockGet
 .text.SystemHFXOClockSet
                0x08004540       0x24 ./gecko_sdk_4.5.0/platform/Device/SiliconLabs/EFR32ZG23/Source/system_efr32zg23.o
                0x08004540                SystemHFXOClockSet
 .text.SystemFSRCOClockGet
                0x08004564        0x8 ./gecko_sdk_4.5.0/platform/Device/SiliconLabs/EFR32ZG23/Source/system_efr32zg23.o
                0x08004564                SystemFSRCOClockGet
 .text.SystemHFRCOEM23ClockGet
                0x0800456c       0x88 ./gecko_sdk_4.5.0/platform/Device/SiliconLabs/EFR32ZG23/Source/system_efr32zg23.o
                0x0800456c                SystemHFRCOEM23ClockGet
 .text.SystemLFXOClockGet
                0x080045f4        0xc ./gecko_sdk_4.5.0/platform/Device/SiliconLabs/EFR32ZG23/Source/system_efr32zg23.o
                0x080045f4                SystemLFXOClockGet
 .text.sl_strcasecmp
                0x08004600       0x54 ./gecko_sdk_4.5.0/platform/common/src/sl_string.o
                0x08004600                sl_strcasecmp
 .text._sbrk    0x08004654       0x24 ./gecko_sdk_4.5.0/platform/common/toolchain/src/sl_memory.o
                0x08004654                _sbrk
 .text.sli_simple_button_on_change
                0x08004678       0x38 ./gecko_sdk_4.5.0/platform/driver/button/src/sl_simple_button.o
 .text.sl_simple_button_init
                0x080046b0       0xac ./gecko_sdk_4.5.0/platform/driver/button/src/sl_simple_button.o
                0x080046b0                sl_simple_button_init
 .text.sl_simple_button_poll_step
                0x0800475c       0x64 ./gecko_sdk_4.5.0/platform/driver/button/src/sl_simple_button.o
                0x0800475c                sl_simple_button_poll_step
 .text.sl_debug_swo_init
                0x080047c0       0xc4 ./gecko_sdk_4.5.0/platform/driver/debug/src/sl_debug_swo.o
                0x080047c0                sl_debug_swo_init
 .text.sl_debug_swo_write_u8
                0x08004884       0x50 ./gecko_sdk_4.5.0/platform/driver/debug/src/sl_debug_swo.o
                0x08004884                sl_debug_swo_write_u8
 .text.StartTransfer
                0x080048d4      0x1c0 ./gecko_sdk_4.5.0/platform/emdrv/dmadrv/src/dmadrv.o
 .text.DMADRV_AllocateChannel
                0x08004a94       0x64 ./gecko_sdk_4.5.0/platform/emdrv/dmadrv/src/dmadrv.o
                0x08004a94                DMADRV_AllocateChannel
 .text.DMADRV_DeInit
                0x08004af8       0x4c ./gecko_sdk_4.5.0/platform/emdrv/dmadrv/src/dmadrv.o
                0x08004af8                DMADRV_DeInit
 .text.DMADRV_FreeChannel
                0x08004b44       0x54 ./gecko_sdk_4.5.0/platform/emdrv/dmadrv/src/dmadrv.o
                0x08004b44                DMADRV_FreeChannel
 .text.DMADRV_Init
                0x08004b98       0x64 ./gecko_sdk_4.5.0/platform/emdrv/dmadrv/src/dmadrv.o
                0x08004b98                DMADRV_Init
 .text.DMADRV_PauseTransfer
                0x08004bfc       0x40 ./gecko_sdk_4.5.0/platform/emdrv/dmadrv/src/dmadrv.o
                0x08004bfc                DMADRV_PauseTransfer
 .text.DMADRV_ResumeTransfer
                0x08004c3c       0x40 ./gecko_sdk_4.5.0/platform/emdrv/dmadrv/src/dmadrv.o
                0x08004c3c                DMADRV_ResumeTransfer
 .text.DMADRV_StopTransfer
                0x08004c7c       0x40 ./gecko_sdk_4.5.0/platform/emdrv/dmadrv/src/dmadrv.o
                0x08004c7c                DMADRV_StopTransfer
 .text.DMADRV_TransferCompletePending
                0x08004cbc       0x5c ./gecko_sdk_4.5.0/platform/emdrv/dmadrv/src/dmadrv.o
                0x08004cbc                DMADRV_TransferCompletePending
 .text.DMADRV_TransferDone
                0x08004d18       0x48 ./gecko_sdk_4.5.0/platform/emdrv/dmadrv/src/dmadrv.o
                0x08004d18                DMADRV_TransferDone
 .text.LDMA_IRQHandler
                0x08004d60       0x78 ./gecko_sdk_4.5.0/platform/emdrv/dmadrv/src/dmadrv.o
                0x08004d60                LDMA_IRQHandler
 .text.GPIOINT_IRQDispatcher
                0x08004dd8       0x4c ./gecko_sdk_4.5.0/platform/emdrv/gpiointerrupt/src/gpiointerrupt.o
 .text.GPIOINT_Init
                0x08004e24       0x30 ./gecko_sdk_4.5.0/platform/emdrv/gpiointerrupt/src/gpiointerrupt.o
                0x08004e24                GPIOINT_Init
 .text.GPIOINT_CallbackRegister
                0x08004e54       0x20 ./gecko_sdk_4.5.0/platform/emdrv/gpiointerrupt/src/gpiointerrupt.o
                0x08004e54                GPIOINT_CallbackRegister
 .text.GPIOINT_EM4WUCallbackRegisterExt
                0x08004e74       0x80 ./gecko_sdk_4.5.0/platform/emdrv/gpiointerrupt/src/gpiointerrupt.o
                0x08004e74                GPIOINT_EM4WUCallbackRegisterExt
 .text.GPIOINT_CallbackRegisterExt
                0x08004ef4       0x58 ./gecko_sdk_4.5.0/platform/emdrv/gpiointerrupt/src/gpiointerrupt.o
                0x08004ef4                GPIOINT_CallbackRegisterExt
 .text.GPIO_EVEN_IRQHandler
                0x08004f4c       0x28 ./gecko_sdk_4.5.0/platform/emdrv/gpiointerrupt/src/gpiointerrupt.o
                0x08004f4c                GPIO_EVEN_IRQHandler
 .text.GPIO_ODD_IRQHandler
                0x08004f74       0x28 ./gecko_sdk_4.5.0/platform/emdrv/gpiointerrupt/src/gpiointerrupt.o
                0x08004f74                GPIO_ODD_IRQHandler
 .text.rhclkPrescMax
                0x08004f9c       0x10 ./gecko_sdk_4.5.0/platform/emlib/src/em_cmu.o
 .text.em01GrpaClkGet
                0x08004fac       0x68 ./gecko_sdk_4.5.0/platform/emlib/src/em_cmu.o
 .text.em01GrpcClkGet
                0x08005014       0x64 ./gecko_sdk_4.5.0/platform/emlib/src/em_cmu.o
 .text.iadcClkGet
                0x08005078       0x54 ./gecko_sdk_4.5.0/platform/emlib/src/em_cmu.o
 .text.lesenseHFClkGet
                0x080050cc       0x3c ./gecko_sdk_4.5.0/platform/emlib/src/em_cmu.o
 .text.eusart0ClkGet
                0x08005108       0x68 ./gecko_sdk_4.5.0/platform/emlib/src/em_cmu.o
 .text.em23GrpaClkGet
                0x08005170       0x4c ./gecko_sdk_4.5.0/platform/emlib/src/em_cmu.o
 .text.vdac0ClkGet
                0x080051bc       0x64 ./gecko_sdk_4.5.0/platform/emlib/src/em_cmu.o
 .text.pcnt0ClkGet
                0x08005220       0x44 ./gecko_sdk_4.5.0/platform/emlib/src/em_cmu.o
 .text.wdog0ClkGet
                0x08005264       0x58 ./gecko_sdk_4.5.0/platform/emlib/src/em_cmu.o
 .text.wdog1ClkGet
                0x080052bc       0x58 ./gecko_sdk_4.5.0/platform/emlib/src/em_cmu.o
 .text.sysrtcClkGet
                0x08005314       0x4c ./gecko_sdk_4.5.0/platform/emlib/src/em_cmu.o
 .text.lcdClkGet
                0x08005360       0x48 ./gecko_sdk_4.5.0/platform/emlib/src/em_cmu.o
 .text.em4GrpaClkGet
                0x080053a8       0x4c ./gecko_sdk_4.5.0/platform/emlib/src/em_cmu.o
 .text.dpllRefClkGet
                0x080053f4       0x4c ./gecko_sdk_4.5.0/platform/emlib/src/em_cmu.o
 .text.CMU_ClockDivGet
                0x08005440       0x5c ./gecko_sdk_4.5.0/platform/emlib/src/em_cmu.o
                0x08005440                CMU_ClockDivGet
 .text.flashWaitStateControl
                0x0800549c       0x74 ./gecko_sdk_4.5.0/platform/emlib/src/em_cmu.o
 .text.CMU_ClockEnable
                0x08005510       0x3c ./gecko_sdk_4.5.0/platform/emlib/src/em_cmu.o
                0x08005510                CMU_ClockEnable
 .text.rhclkPrescOptimize
                0x0800554c       0x20 ./gecko_sdk_4.5.0/platform/emlib/src/em_cmu.o
 .text.CMU_ClockSelectGet
                0x0800556c      0x1b8 ./gecko_sdk_4.5.0/platform/emlib/src/em_cmu.o
                0x0800556c                CMU_ClockSelectGet
 .text.sli_em_cmu_HFXOSetForceEnable
                0x08005724       0x1c ./gecko_sdk_4.5.0/platform/emlib/src/em_cmu.o
                0x08005724                sli_em_cmu_HFXOSetForceEnable
 .text.CMU_HFXOInit
                0x08005740      0x1b4 ./gecko_sdk_4.5.0/platform/emlib/src/em_cmu.o
                0x08005740                CMU_HFXOInit
 .text.CMU_HFXOCTuneDeltaGet
                0x080058f4        0xc ./gecko_sdk_4.5.0/platform/emlib/src/em_cmu.o
                0x080058f4                CMU_HFXOCTuneDeltaGet
 .text.CMU_LFXOInit
                0x08005900       0x88 ./gecko_sdk_4.5.0/platform/emlib/src/em_cmu.o
                0x08005900                CMU_LFXOInit
 .text.CMU_LFXOPrecisionSet
                0x08005988        0xc ./gecko_sdk_4.5.0/platform/emlib/src/em_cmu.o
                0x08005988                CMU_LFXOPrecisionSet
 .text.CMU_HFXOPrecisionSet
                0x08005994        0xc ./gecko_sdk_4.5.0/platform/emlib/src/em_cmu.o
                0x08005994                CMU_HFXOPrecisionSet
 .text.CMU_ClockDivSet
                0x080059a0       0xb4 ./gecko_sdk_4.5.0/platform/emlib/src/em_cmu.o
                0x080059a0                CMU_ClockDivSet
 .text.pclkDivOptimize
                0x08005a54       0x24 ./gecko_sdk_4.5.0/platform/emlib/src/em_cmu.o
 .text.sli_em_cmu_SYSCLKInitPostClockSelect
                0x08005a78       0x3c ./gecko_sdk_4.5.0/platform/emlib/src/em_cmu.o
                0x08005a78                sli_em_cmu_SYSCLKInitPostClockSelect
 .text.CORE_NvicIRQDisabled
                0x08005ab4       0x20 ./gecko_sdk_4.5.0/platform/emlib/src/em_core.o
                0x08005ab4                CORE_NvicIRQDisabled
 .text.EMU_EM4Init
                0x08005ad4       0x14 ./gecko_sdk_4.5.0/platform/emlib/src/em_emu.o
                0x08005ad4                EMU_EM4Init
 .text.EMU_VScaleEM01
                0x08005ae8       0x8c ./gecko_sdk_4.5.0/platform/emlib/src/em_emu.o
                0x08005ae8                EMU_VScaleEM01
 .text.EMU_VScaleEM01ByClock
                0x08005b74       0x38 ./gecko_sdk_4.5.0/platform/emlib/src/em_emu.o
                0x08005b74                EMU_VScaleEM01ByClock
 .text.EMU_DCDCModeSet
                0x08005bac       0xd0 ./gecko_sdk_4.5.0/platform/emlib/src/em_emu.o
                0x08005bac                EMU_DCDCModeSet
 .text.EMU_DCDCInit
                0x08005c7c       0x7c ./gecko_sdk_4.5.0/platform/emlib/src/em_emu.o
                0x08005c7c                EMU_DCDCInit
 .text.EMU_DCDCSetPFMXModePeakCurrent
                0x08005cf8       0x64 ./gecko_sdk_4.5.0/platform/emlib/src/em_emu.o
                0x08005cf8                EMU_DCDCSetPFMXModePeakCurrent
 .text.EMU_DCDCSetPFMXTimeoutMaxCtrl
                0x08005d5c       0x60 ./gecko_sdk_4.5.0/platform/emlib/src/em_emu.o
                0x08005d5c                EMU_DCDCSetPFMXTimeoutMaxCtrl
 .text.EUSART_ClockGet
                0x08005dbc       0x2c ./gecko_sdk_4.5.0/platform/emlib/src/em_eusart.o
 .text.EUSART_Reset
                0x08005de8       0x58 ./gecko_sdk_4.5.0/platform/emlib/src/em_eusart.o
                0x08005de8                EUSART_Reset
 .text.EUSART_BaudrateSet
                0x08005e40       0xd4 ./gecko_sdk_4.5.0/platform/emlib/src/em_eusart.o
                0x08005e40                EUSART_BaudrateSet
 .text.EUSART_AsyncInitCommon
                0x08005f14      0x220 ./gecko_sdk_4.5.0/platform/emlib/src/em_eusart.o
 .text.GPIO_ExtIntConfig
                0x08006134       0xd4 ./gecko_sdk_4.5.0/platform/emlib/src/em_gpio.o
                0x08006134                GPIO_ExtIntConfig
 .text.GPIO_PinModeSet
                0x08006208       0xa0 ./gecko_sdk_4.5.0/platform/emlib/src/em_gpio.o
                0x08006208                GPIO_PinModeSet
 .text.GPIO_EM4EnablePinWakeup
                0x080062a8       0x48 ./gecko_sdk_4.5.0/platform/emlib/src/em_gpio.o
                0x080062a8                GPIO_EM4EnablePinWakeup
 .text.GPIO_EM4WUExtIntConfig
                0x080062f0       0x3c ./gecko_sdk_4.5.0/platform/emlib/src/em_gpio.o
                0x080062f0                GPIO_EM4WUExtIntConfig
 .text.LDMA_DeInit
                0x0800632c       0x3c ./gecko_sdk_4.5.0/platform/emlib/src/em_ldma.o
                0x0800632c                LDMA_DeInit
 .text.LDMA_EnableChannelRequest
                0x08006368       0x1c ./gecko_sdk_4.5.0/platform/emlib/src/em_ldma.o
                0x08006368                LDMA_EnableChannelRequest
 .text.LDMA_Init
                0x08006384       0x64 ./gecko_sdk_4.5.0/platform/emlib/src/em_ldma.o
                0x08006384                LDMA_Init
 .text.LDMA_StartTransfer
                0x080063e8       0x94 ./gecko_sdk_4.5.0/platform/emlib/src/em_ldma.o
                0x080063e8                LDMA_StartTransfer
 .text.LDMA_StopTransfer
                0x0800647c       0x24 ./gecko_sdk_4.5.0/platform/emlib/src/em_ldma.o
                0x0800647c                LDMA_StopTransfer
 .text.LDMA_TransferDone
                0x080064a0       0x34 ./gecko_sdk_4.5.0/platform/emlib/src/em_ldma.o
                0x080064a0                LDMA_TransferDone
 .text.SYSTEM_ChipRevisionGet
                0x080064d4       0x24 ./gecko_sdk_4.5.0/platform/emlib/src/em_system.o
                0x080064d4                SYSTEM_ChipRevisionGet
 .text.prsRxInput
                0x080064f8       0x20 ./gecko_sdk_4.5.0/platform/emlib/src/em_usart.o
 .text.USART_Reset
                0x08006518       0x4c ./gecko_sdk_4.5.0/platform/emlib/src/em_usart.o
                0x08006518                USART_Reset
 .text.setLineDirty
                0x08006564       0x20 ./gecko_sdk_4.5.0/platform/middleware/glib/dmd/display/dmd_memlcd.o
 .text.DMD_getDisplayGeometry
                0x08006584       0x1c ./gecko_sdk_4.5.0/platform/middleware/glib/dmd/display/dmd_memlcd.o
                0x08006584                DMD_getDisplayGeometry
 .text.DMD_setClippingArea
                0x080065a0       0x54 ./gecko_sdk_4.5.0/platform/middleware/glib/dmd/display/dmd_memlcd.o
                0x080065a0                DMD_setClippingArea
 .text.DMD_writeData
                0x080065f4      0x148 ./gecko_sdk_4.5.0/platform/middleware/glib/dmd/display/dmd_memlcd.o
                0x080065f4                DMD_writeData
 .text.DMD_writeColor
                0x0800673c      0x134 ./gecko_sdk_4.5.0/platform/middleware/glib/dmd/display/dmd_memlcd.o
                0x0800673c                DMD_writeColor
 .text.DMD_init
                0x08006870       0x5c ./gecko_sdk_4.5.0/platform/middleware/glib/dmd/display/dmd_memlcd.o
                0x08006870                DMD_init
 .text.DMD_updateDisplay
                0x080068cc       0x80 ./gecko_sdk_4.5.0/platform/middleware/glib/dmd/display/dmd_memlcd.o
                0x080068cc                DMD_updateDisplay
 .text.GLIB_contextInit
                0x0800694c       0x58 ./gecko_sdk_4.5.0/platform/middleware/glib/glib/glib.o
                0x0800694c                GLIB_contextInit
 .text.sl_hal_sysrtc_wait_ready
                0x080069a4       0x24 ./gecko_sdk_4.5.0/platform/peripheral/src/peripheral_sysrtc.o
                0x080069a4                sl_hal_sysrtc_wait_ready
 .text.sl_hal_sysrtc_stop
                0x080069c8       0x20 ./gecko_sdk_4.5.0/platform/peripheral/src/peripheral_sysrtc.o
                0x080069c8                sl_hal_sysrtc_stop
 .text.sl_hal_sysrtc_enable
                0x080069e8       0x18 ./gecko_sdk_4.5.0/platform/peripheral/src/peripheral_sysrtc.o
                0x080069e8                sl_hal_sysrtc_enable
 .text.sl_hal_sysrtc_disable
                0x08006a00       0x20 ./gecko_sdk_4.5.0/platform/peripheral/src/peripheral_sysrtc.o
                0x08006a00                sl_hal_sysrtc_disable
 .text.sl_hal_sysrtc_init
                0x08006a20       0x30 ./gecko_sdk_4.5.0/platform/peripheral/src/peripheral_sysrtc.o
                0x08006a20                sl_hal_sysrtc_init
 .text.sl_hal_sysrtc_init_group
                0x08006a50       0x4c ./gecko_sdk_4.5.0/platform/peripheral/src/peripheral_sysrtc.o
                0x08006a50                sl_hal_sysrtc_init_group
 .text.sl_hal_sysrtc_enable_group_interrupts
                0x08006a9c        0xc ./gecko_sdk_4.5.0/platform/peripheral/src/peripheral_sysrtc.o
                0x08006a9c                sl_hal_sysrtc_enable_group_interrupts
 .text.sl_hal_sysrtc_disable_group_interrupts
                0x08006aa8        0xc ./gecko_sdk_4.5.0/platform/peripheral/src/peripheral_sysrtc.o
                0x08006aa8                sl_hal_sysrtc_disable_group_interrupts
 .text.sl_hal_sysrtc_clear_group_interrupts
                0x08006ab4        0xc ./gecko_sdk_4.5.0/platform/peripheral/src/peripheral_sysrtc.o
                0x08006ab4                sl_hal_sysrtc_clear_group_interrupts
 .text.sl_hal_sysrtc_get_group_interrupts
                0x08006ac0       0x10 ./gecko_sdk_4.5.0/platform/peripheral/src/peripheral_sysrtc.o
                0x08006ac0                sl_hal_sysrtc_get_group_interrupts
 .text.sl_hal_sysrtc_get_group_compare_channel_value
                0x08006ad0       0x20 ./gecko_sdk_4.5.0/platform/peripheral/src/peripheral_sysrtc.o
                0x08006ad0                sl_hal_sysrtc_get_group_compare_channel_value
 .text.sl_hal_sysrtc_set_group_compare_channel_value
                0x08006af0       0x1c ./gecko_sdk_4.5.0/platform/peripheral/src/peripheral_sysrtc.o
                0x08006af0                sl_hal_sysrtc_set_group_compare_channel_value
 .text.RAIL_GetTxPowerCurve
                0x08006b0c       0x6c ./gecko_sdk_4.5.0/platform/radio/rail_lib/plugin/pa-conversions/pa_conversions_efr32.o
                0x08006b0c                RAIL_GetTxPowerCurve
 .text.RAIL_InitTxPowerCurvesAlt
                0x08006b78       0x28 ./gecko_sdk_4.5.0/platform/radio/rail_lib/plugin/pa-conversions/pa_conversions_efr32.o
                0x08006b78                RAIL_InitTxPowerCurvesAlt
 .text.RAIL_ConvertDbmToRaw
                0x08006ba0      0x120 ./gecko_sdk_4.5.0/platform/radio/rail_lib/plugin/pa-conversions/pa_conversions_efr32.o
                0x08006ba0                RAIL_ConvertDbmToRaw
 .text.RAIL_ConvertRawToDbm
                0x08006cc0       0xfc ./gecko_sdk_4.5.0/platform/radio/rail_lib/plugin/pa-conversions/pa_conversions_efr32.o
                0x08006cc0                RAIL_ConvertRawToDbm
 .text.sl_rail_util_pa_init
                0x08006dbc       0x14 ./gecko_sdk_4.5.0/platform/radio/rail_lib/plugin/pa-conversions/pa_conversions_efr32.o
                0x08006dbc                sl_rail_util_pa_init
 .text.sl_rail_util_pa_on_channel_config_change
                0x08006dd0       0x70 ./gecko_sdk_4.5.0/platform/radio/rail_lib/plugin/pa-conversions/pa_conversions_efr32.o
                0x08006dd0                sl_rail_util_pa_on_channel_config_change
 .text.sl_rail_util_protocol_config_zwave
                0x08006e40      0x190 ./gecko_sdk_4.5.0/platform/radio/rail_lib/plugin/rail_util_protocol/sl_rail_util_protocol.o
 .text.sl_rail_util_pti_init
                0x08006fd0       0x48 ./gecko_sdk_4.5.0/platform/radio/rail_lib/plugin/rail_util_pti/sl_rail_util_pti.o
                0x08006fd0                sl_rail_util_pti_init
 .text.status_to_string
                0x08007018       0x70 ./gecko_sdk_4.5.0/platform/service/cli/src/sl_cli.o
 .text.sl_cli_clear
                0x08007088       0x28 ./gecko_sdk_4.5.0/platform/service/cli/src/sl_cli.o
                0x08007088                sl_cli_clear
 .text.sl_cli_handle_input
                0x080070b0       0x34 ./gecko_sdk_4.5.0/platform/service/cli/src/sl_cli.o
                0x080070b0                sl_cli_handle_input
 .text.sli_cli_tick
                0x080070e4       0xb0 ./gecko_sdk_4.5.0/platform/service/cli/src/sl_cli.o
                0x080070e4                sli_cli_tick
 .text.sli_cli_arguments_validate_uint
                0x08007194       0xf8 ./gecko_sdk_4.5.0/platform/service/cli/src/sl_cli_arguments.o
                0x08007194                sli_cli_arguments_validate_uint
 .text.sli_cli_arguments_validate_hex_string
                0x0800728c       0x50 ./gecko_sdk_4.5.0/platform/service/cli/src/sl_cli_arguments.o
                0x0800728c                sli_cli_arguments_validate_hex_string
 .text.get_arg_type_string
                0x080072dc       0xe4 ./gecko_sdk_4.5.0/platform/service/cli/src/sl_cli_command.o
 .text.print_and_pad
                0x080073c0       0x28 ./gecko_sdk_4.5.0/platform/service/cli/src/sl_cli_command.o
 .text.cmd_help_command
                0x080073e8       0xf0 ./gecko_sdk_4.5.0/platform/service/cli/src/sl_cli_command.o
 .text.sl_cli_command_find_matches
                0x080074d8      0x1cc ./gecko_sdk_4.5.0/platform/service/cli/src/sl_cli_command.o
                0x080074d8                sl_cli_command_find_matches
 .text.sl_cli_command_find
                0x080076a4       0x8c ./gecko_sdk_4.5.0/platform/service/cli/src/sl_cli_command.o
                0x080076a4                sl_cli_command_find
 .text.sl_cli_input_autocomplete
                0x08007730      0x1bc ./gecko_sdk_4.5.0/platform/service/cli/src/sl_cli_input.o
                0x08007730                sl_cli_input_autocomplete
 .text.sl_cli_input_char
                0x080078ec      0x1ec ./gecko_sdk_4.5.0/platform/service/cli/src/sl_cli_input.o
                0x080078ec                sl_cli_input_char
 .text.sl_device_init_dcdc
                0x08007ad8       0x30 ./gecko_sdk_4.5.0/platform/service/device_init/src/sl_device_init_dcdc_s2.o
                0x08007ad8                sl_device_init_dcdc
 .text.sl_device_init_emu
                0x08007b08       0x28 ./gecko_sdk_4.5.0/platform/service/device_init/src/sl_device_init_emu_s2.o
                0x08007b08                sl_device_init_emu
 .text.sl_device_init_hfxo
                0x08007b30       0x84 ./gecko_sdk_4.5.0/platform/service/device_init/src/sl_device_init_hfxo_s2.o
                0x08007b30                sl_device_init_hfxo
 .text.sl_device_init_lfxo
                0x08007bb4       0x2c ./gecko_sdk_4.5.0/platform/service/device_init/src/sl_device_init_lfxo_s2.o
                0x08007bb4                sl_device_init_lfxo
 .text.sl_device_init_nvic
                0x08007be0       0x38 ./gecko_sdk_4.5.0/platform/service/device_init/src/sl_device_init_nvic.o
                0x08007be0                sl_device_init_nvic
 .text.sl_iostream_set_default
                0x08007c18       0x18 ./gecko_sdk_4.5.0/platform/service/iostream/src/sl_iostream.o
                0x08007c18                sl_iostream_set_default
 .text.sl_iostream_get_default
                0x08007c30       0x18 ./gecko_sdk_4.5.0/platform/service/iostream/src/sl_iostream.o
                0x08007c30                sl_iostream_get_default
 .text.sl_iostream_vprintf
                0x08007c48       0x2c ./gecko_sdk_4.5.0/platform/service/iostream/src/sl_iostream.o
                0x08007c48                sl_iostream_vprintf
 .text.sl_iostream_eusart_init
                0x08007c74      0x234 ./gecko_sdk_4.5.0/platform/service/iostream/src/sl_iostream_eusart.o
                0x08007c74                sl_iostream_eusart_init
 .text.sl_iostream_stdlib_disable_buffering
                0x08007ea8       0x18 ./gecko_sdk_4.5.0/platform/service/iostream/src/sl_iostream_stdlib_config.o
                0x08007ea8                sl_iostream_stdlib_disable_buffering
 .text.__NVIC_EnableIRQ
                0x08007ec0       0x1c ./gecko_sdk_4.5.0/platform/service/iostream/src/sl_iostream_uart.o
 .text.__NVIC_DisableIRQ
                0x08007edc       0x24 ./gecko_sdk_4.5.0/platform/service/iostream/src/sl_iostream_uart.o
 .text.dma_irq_handler
                0x08007f00       0x78 ./gecko_sdk_4.5.0/platform/service/iostream/src/sl_iostream_uart.o
 .text.uart_deinit
                0x08007f78       0x60 ./gecko_sdk_4.5.0/platform/service/iostream/src/sl_iostream_uart.o
 .text.update_ring_buffer
                0x08007fd8       0xa4 ./gecko_sdk_4.5.0/platform/service/iostream/src/sl_iostream_uart.o
 .text.sli_iostream_uart_context_init
                0x0800807c      0x104 ./gecko_sdk_4.5.0/platform/service/iostream/src/sl_iostream_uart.o
                0x0800807c                sli_iostream_uart_context_init
 .text.__NVIC_SystemReset
                0x08008180       0x24 ./gecko_sdk_4.5.0/platform/service/mpu/src/sl_mpu.o
 .text.ARM_MPU_Disable
                0x080081a4       0x28 ./gecko_sdk_4.5.0/platform/service/mpu/src/sl_mpu.o
 .text.sl_mpu_disable_execute_from_ram
                0x080081cc       0xb0 ./gecko_sdk_4.5.0/platform/service/mpu/src/sl_mpu.o
                0x080081cc                sl_mpu_disable_execute_from_ram
 .text.delta_list_insert_timer
                0x0800827c       0x4c ./gecko_sdk_4.5.0/platform/service/sleeptimer/src/sl_sleeptimer.o
 .text.delta_list_remove_timer
                0x080082c8       0x40 ./gecko_sdk_4.5.0/platform/service/sleeptimer/src/sl_sleeptimer.o
 .text.update_next_timer_to_expire_is_power_manager
                0x08008308       0x34 ./gecko_sdk_4.5.0/platform/service/sleeptimer/src/sl_sleeptimer.o
 .text.update_delta_list
                0x0800833c       0x3c ./gecko_sdk_4.5.0/platform/service/sleeptimer/src/sl_sleeptimer.o
 .text.set_comparator_for_next_timer
                0x08008378       0x38 ./gecko_sdk_4.5.0/platform/service/sleeptimer/src/sl_sleeptimer.o
 .text.create_timer
                0x080083b0       0x78 ./gecko_sdk_4.5.0/platform/service/sleeptimer/src/sl_sleeptimer.o
 .text.sl_sleeptimer_init
                0x08008428       0x78 ./gecko_sdk_4.5.0/platform/service/sleeptimer/src/sl_sleeptimer.o
                0x08008428                sl_sleeptimer_init
 .text.sl_sleeptimer_stop_timer
                0x080084a0       0x60 ./gecko_sdk_4.5.0/platform/service/sleeptimer/src/sl_sleeptimer.o
                0x080084a0                sl_sleeptimer_stop_timer
 .text.sl_sleeptimer_is_timer_running
                0x08008500       0x40 ./gecko_sdk_4.5.0/platform/service/sleeptimer/src/sl_sleeptimer.o
                0x08008500                sl_sleeptimer_is_timer_running
 .text.sl_sleeptimer_get_timer_frequency
                0x08008540        0xc ./gecko_sdk_4.5.0/platform/service/sleeptimer/src/sl_sleeptimer.o
                0x08008540                sl_sleeptimer_get_timer_frequency
 .text.sl_sleeptimer_ms_to_tick
                0x0800854c       0x28 ./gecko_sdk_4.5.0/platform/service/sleeptimer/src/sl_sleeptimer.o
                0x0800854c                sl_sleeptimer_ms_to_tick
 .text.process_timer_irq
                0x08008574      0x148 ./gecko_sdk_4.5.0/platform/service/sleeptimer/src/sl_sleeptimer.o
                0x08008574                process_timer_irq
 .text.sleeptimer_hal_init_timer
                0x080086bc       0x78 ./gecko_sdk_4.5.0/platform/service/sleeptimer/src/sl_sleeptimer_hal_sysrtc.o
                0x080086bc                sleeptimer_hal_init_timer
 .text.sleeptimer_hal_get_counter
                0x08008734       0x1c ./gecko_sdk_4.5.0/platform/service/sleeptimer/src/sl_sleeptimer_hal_sysrtc.o
                0x08008734                sleeptimer_hal_get_counter
 .text.sleeptimer_hal_set_compare
                0x08008750       0x70 ./gecko_sdk_4.5.0/platform/service/sleeptimer/src/sl_sleeptimer_hal_sysrtc.o
                0x08008750                sleeptimer_hal_set_compare
 .text.sleeptimer_hal_disable_int
                0x080087c0       0x34 ./gecko_sdk_4.5.0/platform/service/sleeptimer/src/sl_sleeptimer_hal_sysrtc.o
                0x080087c0                sleeptimer_hal_disable_int
 .text.sleeptimer_hal_set_int
                0x080087f4       0x14 ./gecko_sdk_4.5.0/platform/service/sleeptimer/src/sl_sleeptimer_hal_sysrtc.o
                0x080087f4                sleeptimer_hal_set_int
 .text.sl_udelay_wait
                0x08008808       0x54 ./gecko_sdk_4.5.0/platform/service/udelay/src/sl_udelay.o
                0x08008808                sl_udelay_wait
 .text._vsnprintf
                0x0800885c      0x6b8 ./gecko_sdk_4.5.0/util/third_party/printf/printf.o
 .text.snprintf
                0x08008f14       0x28 ./gecko_sdk_4.5.0/util/third_party/printf/printf.o
                0x08008f14                sniprintf
                0x08008f14                snprintf
 .text.vprintf  0x08008f3c       0x20 ./gecko_sdk_4.5.0/util/third_party/printf/printf.o
                0x08008f3c                vprintf
 .text.vfctprintf
                0x08008f5c       0x24 ./gecko_sdk_4.5.0/util/third_party/printf/printf.o
                0x08008f5c                vfctprintf
 .text.main     0x08008f80       0x20 ./main.o
                0x08008f80                main
 .text.RAILINT_5c2987fa2991598bf02ec13ac2db72ed
                0x08008fa0       0x54 C:/Users/hp/SimplicityStudio/SDKs/gecko_sdk//platform/radio/rail_lib/autogen/librail_release/librail_efr32xg23_gcc_release.a(rail_zwave_rf_hal.o)
                0x08008fa0                RAILINT_5c2987fa2991598bf02ec13ac2db72ed
 .text.RAILINT_120642e673f8f2bbbaa80923e2f7270d
                0x08008ff4       0x38 C:/Users/hp/SimplicityStudio/SDKs/gecko_sdk//platform/radio/rail_lib/autogen/librail_release/librail_efr32xg23_gcc_release.a(rail_zwave_rf_hal.o)
                0x08008ff4                RAILINT_120642e673f8f2bbbaa80923e2f7270d
 .text.RAILINT_9b1690650ce61745b7406051fc961644
                0x0800902c       0x40 C:/Users/hp/SimplicityStudio/SDKs/gecko_sdk//platform/radio/rail_lib/autogen/librail_release/librail_efr32xg23_gcc_release.a(rail_zwave_rf_hal.o)
                0x0800902c                RAILINT_9b1690650ce61745b7406051fc961644
 .text.RAILINT_967ec31283d85ef3237b5b80f4ab05ca
                0x0800906c      0x288 C:/Users/hp/SimplicityStudio/SDKs/gecko_sdk//platform/radio/rail_lib/autogen/librail_release/librail_efr32xg23_gcc_release.a(rail_zwave_rf_hal.o)
                0x0800906c                RAILINT_967ec31283d85ef3237b5b80f4ab05ca
 .text.RAILINT_e48e5ee1b5d6f912f6e30e0897d40f5e
                0x080092f4       0x38 C:/Users/hp/SimplicityStudio/SDKs/gecko_sdk//platform/radio/rail_lib/autogen/librail_release/librail_efr32xg23_gcc_release.a(rfhal_ircal.o)
 .text.RAILINT_a779509c3ccfe3314b466cbc2527e4c8
                0x0800932c       0x24 C:/Users/hp/SimplicityStudio/SDKs/gecko_sdk//platform/radio/rail_lib/autogen/librail_release/librail_efr32xg23_gcc_release.a(rfhal_ircal.o)
                0x0800932c                RAILINT_a779509c3ccfe3314b466cbc2527e4c8
 .text.RAILINT_649387ad39951eb4925a328ab1d3c3e4
                0x08009350       0x3c C:/Users/hp/SimplicityStudio/SDKs/gecko_sdk//platform/radio/rail_lib/autogen/librail_release/librail_efr32xg23_gcc_release.a(rfhal_ircal.o)
                0x08009350                RAILINT_649387ad39951eb4925a328ab1d3c3e4
 .text.RAILINT_4cfeea8c87b02f3b7b303f547ca89e67
                0x0800938c       0x38 C:/Users/hp/SimplicityStudio/SDKs/gecko_sdk//platform/radio/rail_lib/autogen/librail_release/librail_efr32xg23_gcc_release.a(rfhal_ircal.o)
                0x0800938c                RAILINT_4cfeea8c87b02f3b7b303f547ca89e67
 .text.RAILINT_dae1c359f4a4502b4c2e0fe54981e32e
                0x080093c4       0x38 C:/Users/hp/SimplicityStudio/SDKs/gecko_sdk//platform/radio/rail_lib/autogen/librail_release/librail_efr32xg23_gcc_release.a(rfhal_ircal.o)
                0x080093c4                RAILINT_dae1c359f4a4502b4c2e0fe54981e32e
 .text.RAILINT_10e51c12fa48b7890f67e3da03b72643
                0x080093fc       0xf0 C:/Users/hp/SimplicityStudio/SDKs/gecko_sdk//platform/radio/rail_lib/autogen/librail_release/librail_efr32xg23_gcc_release.a(rfhal_ircal.o)
                0x080093fc                RAILINT_10e51c12fa48b7890f67e3da03b72643
 .text.RAILINT_375284330647896a69a4c6a66deb1263
                0x080094ec       0x5c C:/Users/hp/SimplicityStudio/SDKs/gecko_sdk//platform/radio/rail_lib/autogen/librail_release/librail_efr32xg23_gcc_release.a(rfhal_ircal.o)
                0x080094ec                RAILINT_375284330647896a69a4c6a66deb1263
 .text.RAILINT_9ab3576865b7e15060bb337da6d4395b
                0x08009548       0x58 C:/Users/hp/SimplicityStudio/SDKs/gecko_sdk//platform/radio/rail_lib/autogen/librail_release/librail_efr32xg23_gcc_release.a(rfhal_ircal.o)
                0x08009548                RAILINT_9ab3576865b7e15060bb337da6d4395b
 .text.RAILINT_b15a14b4f4dd1edf21021a8dbbf49197
                0x080095a0       0x2c C:/Users/hp/SimplicityStudio/SDKs/gecko_sdk//platform/radio/rail_lib/autogen/librail_release/librail_efr32xg23_gcc_release.a(rfhal_ircal.o)
                0x080095a0                RAILINT_b15a14b4f4dd1edf21021a8dbbf49197
 .text.RAILINT_e11b02377cc2f6507b94d133323dd39b
                0x080095cc       0xc0 C:/Users/hp/SimplicityStudio/SDKs/gecko_sdk//platform/radio/rail_lib/autogen/librail_release/librail_efr32xg23_gcc_release.a(rfhal_ircal.o)
                0x080095cc                RAILINT_e11b02377cc2f6507b94d133323dd39b
 .text.RAILINT_e4a9a51daa8e5472d20b36fbd8988c3d
                0x0800968c       0xfc C:/Users/hp/SimplicityStudio/SDKs/gecko_sdk//platform/radio/rail_lib/autogen/librail_release/librail_efr32xg23_gcc_release.a(rfhal_ircal.o)
                0x0800968c                RAILINT_e4a9a51daa8e5472d20b36fbd8988c3d
 .text.RAILINT_7fbf1c61f6ad533f9992356be4732038
                0x08009788       0xb8 C:/Users/hp/SimplicityStudio/SDKs/gecko_sdk//platform/radio/rail_lib/autogen/librail_release/librail_efr32xg23_gcc_release.a(rfhal_ircal.o)
 .text.RAILINT_c4369ccbd33ddbee19d870df48a15d02
                0x08009840       0x40 C:/Users/hp/SimplicityStudio/SDKs/gecko_sdk//platform/radio/rail_lib/autogen/librail_release/librail_efr32xg23_gcc_release.a(rfhal_ircal.o)
                0x08009840                RAILINT_c4369ccbd33ddbee19d870df48a15d02
 .text.RAILINT_6f908303d31dafd430f78bf68b885dc8
                0x08009880       0x14 C:/Users/hp/SimplicityStudio/SDKs/gecko_sdk//platform/radio/rail_lib/autogen/librail_release/librail_efr32xg23_gcc_release.a(rfhal_ircal.o)
                0x08009880                RAILINT_6f908303d31dafd430f78bf68b885dc8
 .text.RAILINT_bc509237f6a8badd5bf59fcb7a87c024
                0x08009894       0xd0 C:/Users/hp/SimplicityStudio/SDKs/gecko_sdk//platform/radio/rail_lib/autogen/librail_release/librail_efr32xg23_gcc_release.a(rfhal_ircal.o)
                0x08009894                RAILINT_bc509237f6a8badd5bf59fcb7a87c024
 .text.RAILINT_efeb2cfb7528b3a04bc5a3c19e00a349
                0x08009964       0x9c C:/Users/hp/SimplicityStudio/SDKs/gecko_sdk//platform/radio/rail_lib/autogen/librail_release/librail_efr32xg23_gcc_release.a(rfhal_ircal.o)
 .text.RAILINT_180789e54523ec093dde33f764dd8f42
                0x08009a00       0x6c C:/Users/hp/SimplicityStudio/SDKs/gecko_sdk//platform/radio/rail_lib/autogen/librail_release/librail_efr32xg23_gcc_release.a(rfhal_ircal.o)
                0x08009a00                RAILINT_180789e54523ec093dde33f764dd8f42
 .text.RAILINT_7c4474e9c252fd93501bbf7d6298f3d3
                0x08009a6c       0x64 C:/Users/hp/SimplicityStudio/SDKs/gecko_sdk//platform/radio/rail_lib/autogen/librail_release/librail_efr32xg23_gcc_release.a(rfhal_antenna.o)
                0x08009a6c                RAILINT_7c4474e9c252fd93501bbf7d6298f3d3
 .text.RAILINT_42ba343910883753b346a02b0f77ef3e
                0x08009ad0        0xc C:/Users/hp/SimplicityStudio/SDKs/gecko_sdk//platform/radio/rail_lib/autogen/librail_release/librail_efr32xg23_gcc_release.a(rfhal_antenna.o)
                0x08009ad0                RAILINT_42ba343910883753b346a02b0f77ef3e
 .text.RAILINT_893fd72dfcf6ebbe2598a01d375fa2c0
                0x08009adc       0x50 C:/Users/hp/SimplicityStudio/SDKs/gecko_sdk//platform/radio/rail_lib/autogen/librail_release/librail_efr32xg23_gcc_release.a(rfhal_bufc.o)
 .text.RAILINT_86983bfebc3fcf81f3ab3444e4625a88
                0x08009b2c       0x3c C:/Users/hp/SimplicityStudio/SDKs/gecko_sdk//platform/radio/rail_lib/autogen/librail_release/librail_efr32xg23_gcc_release.a(rfhal_bufc.o)
                0x08009b2c                RAILINT_86983bfebc3fcf81f3ab3444e4625a88
 .text.RAILINT_cdbd2ef4368f95ff8e91482f629bd134
                0x08009b68       0x1c C:/Users/hp/SimplicityStudio/SDKs/gecko_sdk//platform/radio/rail_lib/autogen/librail_release/librail_efr32xg23_gcc_release.a(rfhal_bufc.o)
                0x08009b68                RAILINT_cdbd2ef4368f95ff8e91482f629bd134
 .text.RAILINT_d098fb7ee08dc8d454a1df118de69bc4
                0x08009b84      0x18c C:/Users/hp/SimplicityStudio/SDKs/gecko_sdk//platform/radio/rail_lib/autogen/librail_release/librail_efr32xg23_gcc_release.a(rfhal_bufc.o)
                0x08009b84                RAILINT_d098fb7ee08dc8d454a1df118de69bc4
 .text.RAILINT_53ead1b019a1cdfd0829dbc64825eeac
                0x08009d10       0x58 C:/Users/hp/SimplicityStudio/SDKs/gecko_sdk//platform/radio/rail_lib/autogen/librail_release/librail_efr32xg23_gcc_release.a(rfhal_bufc.o)
                0x08009d10                RAILINT_53ead1b019a1cdfd0829dbc64825eeac
 .text.RAILINT_6281eecc9c4ea6e1ecc523be2e1d48d2
                0x08009d68       0x8c C:/Users/hp/SimplicityStudio/SDKs/gecko_sdk//platform/radio/rail_lib/autogen/librail_release/librail_efr32xg23_gcc_release.a(rfhal_bufc.o)
                0x08009d68                RAILINT_6281eecc9c4ea6e1ecc523be2e1d48d2
 .text.RAILINT_32732aa1d78833fa65026efd536f2c3e
                0x08009df4       0x44 C:/Users/hp/SimplicityStudio/SDKs/gecko_sdk//platform/radio/rail_lib/autogen/librail_release/librail_efr32xg23_gcc_release.a(rfhal_bufc.o)
                0x08009df4                RAILINT_32732aa1d78833fa65026efd536f2c3e
 .text.RAILINT_d9e915d6d22bf4edc2f73d7c60daed1e
                0x08009e38       0x18 C:/Users/hp/SimplicityStudio/SDKs/gecko_sdk//platform/radio/rail_lib/autogen/librail_release/librail_efr32xg23_gcc_release.a(rfhal_bufc.o)
                0x08009e38                RAILINT_d9e915d6d22bf4edc2f73d7c60daed1e
 .text.RAILINT_f921a6fdde390c986016ab0c8bf49fae
                0x08009e50      0x12c C:/Users/hp/SimplicityStudio/SDKs/gecko_sdk//platform/radio/rail_lib/autogen/librail_release/librail_efr32xg23_gcc_release.a(rfhal_bufc.o)
                0x08009e50                RAILINT_f921a6fdde390c986016ab0c8bf49fae
 .text.RAILINT_0906929bba6a17fd8a9605e65064a9f4
                0x08009f7c       0x68 C:/Users/hp/SimplicityStudio/SDKs/gecko_sdk//platform/radio/rail_lib/autogen/librail_release/librail_efr32xg23_gcc_release.a(rfhal_bufc.o)
                0x08009f7c                RAILINT_0906929bba6a17fd8a9605e65064a9f4
 .text.RAILINT_31258cb71f8a6b9069347d576bc679f0
                0x08009fe4       0x1c C:/Users/hp/SimplicityStudio/SDKs/gecko_sdk//platform/radio/rail_lib/autogen/librail_release/librail_efr32xg23_gcc_release.a(rfhal_bufc.o)
                0x08009fe4                RAILINT_31258cb71f8a6b9069347d576bc679f0
 .text.RAILINT_6e9511005f24d0489b4328a9cd887def
                0x0800a000       0x2c C:/Users/hp/SimplicityStudio/SDKs/gecko_sdk//platform/radio/rail_lib/autogen/librail_release/librail_efr32xg23_gcc_release.a(rfhal_bufc.o)
                0x0800a000                RAILINT_6e9511005f24d0489b4328a9cd887def
 .text.RAILINT_052f8b2565813079f19c931bac48db51
                0x0800a02c      0x170 C:/Users/hp/SimplicityStudio/SDKs/gecko_sdk//platform/radio/rail_lib/autogen/librail_release/librail_efr32xg23_gcc_release.a(rfhal_bufc.o)
                0x0800a02c                RAILINT_052f8b2565813079f19c931bac48db51
 .text.RAILINT_5b690911fb63c8ed3939b23ea6b3c04d
                0x0800a19c       0x14 C:/Users/hp/SimplicityStudio/SDKs/gecko_sdk//platform/radio/rail_lib/autogen/librail_release/librail_efr32xg23_gcc_release.a(rfhal_pa.o)
                0x0800a19c                RAILINT_5b690911fb63c8ed3939b23ea6b3c04d
 .text.RAILINT_0a4e93b519ac593c17e9cf2bca4c4cf3
                0x0800a1b0       0x2c C:/Users/hp/SimplicityStudio/SDKs/gecko_sdk//platform/radio/rail_lib/autogen/librail_release/librail_efr32xg23_gcc_release.a(rfhal_pa.o)
                0x0800a1b0                RAILINT_0a4e93b519ac593c17e9cf2bca4c4cf3
 .text.RAILINT_538e671f17d827f5e8fbb6213721d612
                0x0800a1dc       0x48 C:/Users/hp/SimplicityStudio/SDKs/gecko_sdk//platform/radio/rail_lib/autogen/librail_release/librail_efr32xg23_gcc_release.a(rfhal_pa.o)
                0x0800a1dc                RAILINT_538e671f17d827f5e8fbb6213721d612
 .text.RAILINT_1040bf941e847cb582a86b6ad519d354
                0x0800a224       0x14 C:/Users/hp/SimplicityStudio/SDKs/gecko_sdk//platform/radio/rail_lib/autogen/librail_release/librail_efr32xg23_gcc_release.a(rfhal_pa.o)
                0x0800a224                RAILINT_1040bf941e847cb582a86b6ad519d354
 .text.RAILINT_80e4ebea7b797fe222184bcf10e3a6f0
                0x0800a238       0xe8 C:/Users/hp/SimplicityStudio/SDKs/gecko_sdk//platform/radio/rail_lib/autogen/librail_release/librail_efr32xg23_gcc_release.a(rfhal_pa.o)
                0x0800a238                RAILINT_80e4ebea7b797fe222184bcf10e3a6f0
 .text.RAILINT_5eae5b33728fa998af27aab462a94cc2
                0x0800a320      0x240 C:/Users/hp/SimplicityStudio/SDKs/gecko_sdk//platform/radio/rail_lib/autogen/librail_release/librail_efr32xg23_gcc_release.a(rfhal_pa.o)
                0x0800a320                RAILINT_5eae5b33728fa998af27aab462a94cc2
 .text.RAILINT_692f9e407ff0da6bb4b5f2aa1969c134
                0x0800a560      0x288 C:/Users/hp/SimplicityStudio/SDKs/gecko_sdk//platform/radio/rail_lib/autogen/librail_release/librail_efr32xg23_gcc_release.a(rfhal_pa.o)
                0x0800a560                RAILINT_692f9e407ff0da6bb4b5f2aa1969c134
 .text.RAILINT_08c8419aa71adfff4194c3a91186dc0b
                0x0800a7e8       0x50 C:/Users/hp/SimplicityStudio/SDKs/gecko_sdk//platform/radio/rail_lib/autogen/librail_release/librail_efr32xg23_gcc_release.a(rfhal_pa.o)
                0x0800a7e8                RAILINT_08c8419aa71adfff4194c3a91186dc0b
 .text.RAILINT_43e20192c70743caf46848f43384580c
                0x0800a838       0x48 C:/Users/hp/SimplicityStudio/SDKs/gecko_sdk//platform/radio/rail_lib/autogen/librail_release/librail_efr32xg23_gcc_release.a(rfhal_pa.o)
                0x0800a838                RAILINT_43e20192c70743caf46848f43384580c
 .text.RAILINT_9ddf38797bdd4dec512cd8a53f0e246d
                0x0800a880       0x1c C:/Users/hp/SimplicityStudio/SDKs/gecko_sdk//platform/radio/rail_lib/autogen/librail_release/librail_efr32xg23_gcc_release.a(rfhal_pa.o)
                0x0800a880                RAILINT_9ddf38797bdd4dec512cd8a53f0e246d
 .text.RAILINT_a2bb09bbf0f5a66273c06b6551b0acd9
                0x0800a89c       0xdc C:/Users/hp/SimplicityStudio/SDKs/gecko_sdk//platform/radio/rail_lib/autogen/librail_release/librail_efr32xg23_gcc_release.a(rfhal_protimer.o)
                0x0800a89c                RAILINT_a2bb09bbf0f5a66273c06b6551b0acd9
 .text.RAILINT_2867cf1f7327fd002fccf5d8ded311be
                0x0800a978       0x1c C:/Users/hp/SimplicityStudio/SDKs/gecko_sdk//platform/radio/rail_lib/autogen/librail_release/librail_efr32xg23_gcc_release.a(rfhal_protimer.o)
                0x0800a978                RAILINT_2867cf1f7327fd002fccf5d8ded311be
 .text.RAILINT_4f93cdd7aecf168775f2a95c9141aec8
                0x0800a994       0x3c C:/Users/hp/SimplicityStudio/SDKs/gecko_sdk//platform/radio/rail_lib/autogen/librail_release/librail_efr32xg23_gcc_release.a(rfhal_protimer.o)
                0x0800a994                RAILINT_4f93cdd7aecf168775f2a95c9141aec8
 .text.RAILINT_30b95b9e98ec0997b2a8f05421916f4a
                0x0800a9d0      0x1fc C:/Users/hp/SimplicityStudio/SDKs/gecko_sdk//platform/radio/rail_lib/autogen/librail_release/librail_efr32xg23_gcc_release.a(rfhal_protimer.o)
                0x0800a9d0                RAILINT_30b95b9e98ec0997b2a8f05421916f4a
 .text.RAILINT_bda0c15173302986042c4866e7e8cb7e
                0x0800abcc       0x14 C:/Users/hp/SimplicityStudio/SDKs/gecko_sdk//platform/radio/rail_lib/autogen/librail_release/librail_efr32xg23_gcc_release.a(rfhal_protimer.o)
                0x0800abcc                RAILINT_bda0c15173302986042c4866e7e8cb7e
 .text.RAILINT_6fba69fb8464276fb40686c982612f36
                0x0800abe0       0x18 C:/Users/hp/SimplicityStudio/SDKs/gecko_sdk//platform/radio/rail_lib/autogen/librail_release/librail_efr32xg23_gcc_release.a(rfhal_protimer.o)
                0x0800abe0                RAILINT_6fba69fb8464276fb40686c982612f36
 .text.RAILINT_c51be8ee5a1368e218ec48a993030c0a
                0x0800abf8       0x30 C:/Users/hp/SimplicityStudio/SDKs/gecko_sdk//platform/radio/rail_lib/autogen/librail_release/librail_efr32xg23_gcc_release.a(rfhal_protimer.o)
                0x0800abf8                RAILINT_c51be8ee5a1368e218ec48a993030c0a
 .text.RAILINT_91acd8a0b3b22b251b18aeabdb4a57f7
                0x0800ac28       0x18 C:/Users/hp/SimplicityStudio/SDKs/gecko_sdk//platform/radio/rail_lib/autogen/librail_release/librail_efr32xg23_gcc_release.a(rfhal_protimer.o)
                0x0800ac28                RAILINT_91acd8a0b3b22b251b18aeabdb4a57f7
 .text.RAILINT_3d752c35229134eb0acd91db488d7c4c
                0x0800ac40       0x24 C:/Users/hp/SimplicityStudio/SDKs/gecko_sdk//platform/radio/rail_lib/autogen/librail_release/librail_efr32xg23_gcc_release.a(rfhal_protimer.o)
                0x0800ac40                RAILINT_3d752c35229134eb0acd91db488d7c4c
 .text.RAILINT_91df45e96a2874f76867d6f26ae534a0
                0x0800ac64       0x40 C:/Users/hp/SimplicityStudio/SDKs/gecko_sdk//platform/radio/rail_lib/autogen/librail_release/librail_efr32xg23_gcc_release.a(rfhal_protimer.o)
                0x0800ac64                RAILINT_91df45e96a2874f76867d6f26ae534a0
 .text.RAILINT_7dbf4a2540796b33a4a0f6c074c875d0
                0x0800aca4       0x20 C:/Users/hp/SimplicityStudio/SDKs/gecko_sdk//platform/radio/rail_lib/autogen/librail_release/librail_efr32xg23_gcc_release.a(rfhal_radio.o)
 .text.RAILINT_2e07a6872d92c4b3e3c2fd6af0b0470f
                0x0800acc4       0x84 C:/Users/hp/SimplicityStudio/SDKs/gecko_sdk//platform/radio/rail_lib/autogen/librail_release/librail_efr32xg23_gcc_release.a(rfhal_radio.o)
 .text.RAILINT_fec7870be3fe1a836fe6231361b23257
                0x0800ad48       0x5c C:/Users/hp/SimplicityStudio/SDKs/gecko_sdk//platform/radio/rail_lib/autogen/librail_release/librail_efr32xg23_gcc_release.a(rfhal_radio.o)
 .text.RAILINT_2d55024751d647dfef36f5f548d0f2cb
                0x0800ada4       0x4c C:/Users/hp/SimplicityStudio/SDKs/gecko_sdk//platform/radio/rail_lib/autogen/librail_release/librail_efr32xg23_gcc_release.a(rfhal_radio.o)
                0x0800ada4                RAILINT_2d55024751d647dfef36f5f548d0f2cb
 .text.RAILINT_218cde0c3f45a7d04cd5b221c6c89ad2
                0x0800adf0       0x28 C:/Users/hp/SimplicityStudio/SDKs/gecko_sdk//platform/radio/rail_lib/autogen/librail_release/librail_efr32xg23_gcc_release.a(rfhal_radio.o)
                0x0800adf0                RAILINT_218cde0c3f45a7d04cd5b221c6c89ad2
 .text.RAILINT_0a958662e0f9b48ba3742030a3e4e70c
                0x0800ae18       0x84 C:/Users/hp/SimplicityStudio/SDKs/gecko_sdk//platform/radio/rail_lib/autogen/librail_release/librail_efr32xg23_gcc_release.a(rfhal_radio.o)
                0x0800ae18                RAILINT_0a958662e0f9b48ba3742030a3e4e70c
 .text.RAILINT_ff78d9bb4bfe772063473783474f9dc5
                0x0800ae9c       0x4c C:/Users/hp/SimplicityStudio/SDKs/gecko_sdk//platform/radio/rail_lib/autogen/librail_release/librail_efr32xg23_gcc_release.a(rfhal_radio.o)
                0x0800ae9c                RAILINT_ff78d9bb4bfe772063473783474f9dc5
 .text.RAILINT_83b3e2e99c8f4d3fd0b62943447c7cff
                0x0800aee8       0x6c C:/Users/hp/SimplicityStudio/SDKs/gecko_sdk//platform/radio/rail_lib/autogen/librail_release/librail_efr32xg23_gcc_release.a(rfhal_radio.o)
                0x0800aee8                RAILINT_83b3e2e99c8f4d3fd0b62943447c7cff
 .text.RAILINT_29728e9d96985f5babe5fba5eab67a2d
                0x0800af54       0x1c C:/Users/hp/SimplicityStudio/SDKs/gecko_sdk//platform/radio/rail_lib/autogen/librail_release/librail_efr32xg23_gcc_release.a(rfhal_radio.o)
                0x0800af54                RAILINT_29728e9d96985f5babe5fba5eab67a2d
 .text.RAILINT_cd65c06e3b1af867d6257be45870f13b
                0x0800af70      0x108 C:/Users/hp/SimplicityStudio/SDKs/gecko_sdk//platform/radio/rail_lib/autogen/librail_release/librail_efr32xg23_gcc_release.a(rfhal_radio.o)
                0x0800af70                RAILINT_cd65c06e3b1af867d6257be45870f13b
 .text.RAILINT_f9e5228e0d9c01913b590cb22fe86427
                0x0800b078        0xc C:/Users/hp/SimplicityStudio/SDKs/gecko_sdk//platform/radio/rail_lib/autogen/librail_release/librail_efr32xg23_gcc_release.a(rfhal_radio.o)
                0x0800b078                RAILINT_f9e5228e0d9c01913b590cb22fe86427
 .text.RAILINT_0fcb2d75494993f121b931b03a54c62c
                0x0800b084        0xc C:/Users/hp/SimplicityStudio/SDKs/gecko_sdk//platform/radio/rail_lib/autogen/librail_release/librail_efr32xg23_gcc_release.a(rfhal_radio.o)
                0x0800b084                RAILINT_0fcb2d75494993f121b931b03a54c62c
 .text.RAILINT_d8be8114d0438e8c4744d07fb3afceb2
                0x0800b090        0xc C:/Users/hp/SimplicityStudio/SDKs/gecko_sdk//platform/radio/rail_lib/autogen/librail_release/librail_efr32xg23_gcc_release.a(rfhal_radio.o)
                0x0800b090                RAILINT_d8be8114d0438e8c4744d07fb3afceb2
 .text.RAILINT_107f383da9004c7c039de184830a3649
                0x0800b09c        0xc C:/Users/hp/SimplicityStudio/SDKs/gecko_sdk//platform/radio/rail_lib/autogen/librail_release/librail_efr32xg23_gcc_release.a(rfhal_radio.o)
                0x0800b09c                RAILINT_107f383da9004c7c039de184830a3649
 .text.RAILINT_98702195dd5df205b66d73f7f1b701b5
                0x0800b0a8       0x24 C:/Users/hp/SimplicityStudio/SDKs/gecko_sdk//platform/radio/rail_lib/autogen/librail_release/librail_efr32xg23_gcc_release.a(rfhal_radio.o)
                0x0800b0a8                RAILINT_98702195dd5df205b66d73f7f1b701b5
 .text.RAILINT_f653c2a462666f78ad07511adb1c6ca5
                0x0800b0cc       0xcc C:/Users/hp/SimplicityStudio/SDKs/gecko_sdk//platform/radio/rail_lib/autogen/librail_release/librail_efr32xg23_gcc_release.a(rfhal_radio.o)
                0x0800b0cc                RAILINT_f653c2a462666f78ad07511adb1c6ca5
 .text.RAILINT_12973c63ce9f157526b71bd49da4eecd
                0x0800b198       0x18 C:/Users/hp/SimplicityStudio/SDKs/gecko_sdk//platform/radio/rail_lib/autogen/librail_release/librail_efr32xg23_gcc_release.a(rfhal_radio.o)
                0x0800b198                RAILINT_12973c63ce9f157526b71bd49da4eecd
 .text.RAILINT_1161b5fbd248b16b9006cacb961f2bf2
                0x0800b1b0       0x24 C:/Users/hp/SimplicityStudio/SDKs/gecko_sdk//platform/radio/rail_lib/autogen/librail_release/librail_efr32xg23_gcc_release.a(rfhal_radio.o)
                0x0800b1b0                RAILINT_1161b5fbd248b16b9006cacb961f2bf2
 .text.RAILINT_5c0938f59a395e36d23a6c1c32d6c158
                0x0800b1d4       0xc8 C:/Users/hp/SimplicityStudio/SDKs/gecko_sdk//platform/radio/rail_lib/autogen/librail_release/librail_efr32xg23_gcc_release.a(rfhal_synth.o)
 .text.RAILINT_9e306f55d2f3c85a26d2a5212585345f
                0x0800b29c        0xc C:/Users/hp/SimplicityStudio/SDKs/gecko_sdk//platform/radio/rail_lib/autogen/librail_release/librail_efr32xg23_gcc_release.a(rfhal_synth.o)
                0x0800b29c                RAILINT_9e306f55d2f3c85a26d2a5212585345f
 .text.RAILINT_b41f09bfb9d4cd2be07e0e8766e7ff37
                0x0800b2a8        0xc C:/Users/hp/SimplicityStudio/SDKs/gecko_sdk//platform/radio/rail_lib/autogen/librail_release/librail_efr32xg23_gcc_release.a(rfhal_synth.o)
                0x0800b2a8                RAILINT_b41f09bfb9d4cd2be07e0e8766e7ff37
 .text.RAILINT_ec98693ee08d705578ea34d20ad5a3f0
                0x0800b2b4       0x6c C:/Users/hp/SimplicityStudio/SDKs/gecko_sdk//platform/radio/rail_lib/autogen/librail_release/librail_efr32xg23_gcc_release.a(rfhal_synth.o)
                0x0800b2b4                RAILINT_ec98693ee08d705578ea34d20ad5a3f0
 .text.RAILINT_f26e766b4223f258d2a3acd050099dec
                0x0800b320      0x48c C:/Users/hp/SimplicityStudio/SDKs/gecko_sdk//platform/radio/rail_lib/autogen/librail_release/librail_efr32xg23_gcc_release.a(rfhal_synth.o)
                0x0800b320                RAILINT_f26e766b4223f258d2a3acd050099dec
 .text.RAILINT_ffff6fd8b93bee8f8f3297dc48915167
                0x0800b7ac       0x10 C:/Users/hp/SimplicityStudio/SDKs/gecko_sdk//platform/radio/rail_lib/autogen/librail_release/librail_efr32xg23_gcc_release.a(rfhal_synth.o)
                0x0800b7ac                RAILINT_ffff6fd8b93bee8f8f3297dc48915167
 .text.RAILINT_13745921110d6517f85d6d608ac18409
                0x0800b7bc       0x4c C:/Users/hp/SimplicityStudio/SDKs/gecko_sdk//platform/radio/rail_lib/autogen/librail_release/librail_efr32xg23_gcc_release.a(rfhal_synth.o)
                0x0800b7bc                RAILINT_13745921110d6517f85d6d608ac18409
 .text.RAILINT_40f50b01b0acf65296da94a1cd4ce85b
                0x0800b808      0x104 C:/Users/hp/SimplicityStudio/SDKs/gecko_sdk//platform/radio/rail_lib/autogen/librail_release/librail_efr32xg23_gcc_release.a(rfhal_synth.o)
                0x0800b808                RAILINT_40f50b01b0acf65296da94a1cd4ce85b
 .text.RAILINT_3654f2a9376e4bdd7e2c364177a94691
                0x0800b90c       0x10 C:/Users/hp/SimplicityStudio/SDKs/gecko_sdk//platform/radio/rail_lib/autogen/librail_release/librail_efr32xg23_gcc_release.a(rfhal_synth.o)
                0x0800b90c                RAILINT_3654f2a9376e4bdd7e2c364177a94691
 .text.RAILINT_cb8a12f5bd0c458ceee6331009f9048b
                0x0800b91c       0x1c C:/Users/hp/SimplicityStudio/SDKs/gecko_sdk//platform/radio/rail_lib/autogen/librail_release/librail_efr32xg23_gcc_release.a(rfhal_timings.o)
 .text.RAILINT_06b1ea13261364007801a74aa7e1e357
                0x0800b938       0x28 C:/Users/hp/SimplicityStudio/SDKs/gecko_sdk//platform/radio/rail_lib/autogen/librail_release/librail_efr32xg23_gcc_release.a(rfhal_timings.o)
                0x0800b938                RAILINT_06b1ea13261364007801a74aa7e1e357
 .text.RAILINT_4baddb3f7581dff171ab25f7b0ebdad3
                0x0800b960       0x84 C:/Users/hp/SimplicityStudio/SDKs/gecko_sdk//platform/radio/rail_lib/autogen/librail_release/librail_efr32xg23_gcc_release.a(rfhal_timings.o)
                0x0800b960                RAILINT_4baddb3f7581dff171ab25f7b0ebdad3
 .text.RAILINT_970d9248a37232567f89ad6c94dd6fe8
                0x0800b9e4      0x16c C:/Users/hp/SimplicityStudio/SDKs/gecko_sdk//platform/radio/rail_lib/autogen/librail_release/librail_efr32xg23_gcc_release.a(rfhal_timings.o)
                0x0800b9e4                RAILINT_970d9248a37232567f89ad6c94dd6fe8
 .text.RAILINT_0ab27645a606deaf2cb9a3b11860eb15
                0x0800bb50       0x20 C:/Users/hp/SimplicityStudio/SDKs/gecko_sdk//platform/radio/rail_lib/autogen/librail_release/librail_efr32xg23_gcc_release.a(rfhal_timings.o)
                0x0800bb50                RAILINT_0ab27645a606deaf2cb9a3b11860eb15
 .text.RAILINT_41ffa61618f37d2827bd6e01cc6c61f5
                0x0800bb70       0x94 C:/Users/hp/SimplicityStudio/SDKs/gecko_sdk//platform/radio/rail_lib/autogen/librail_release/librail_efr32xg23_gcc_release.a(rfhal_timings.o)
                0x0800bb70                RAILINT_41ffa61618f37d2827bd6e01cc6c61f5
 .text.RAILINT_80090d97c419b275ef1f41db6daa21d4
                0x0800bc04       0x3c C:/Users/hp/SimplicityStudio/SDKs/gecko_sdk//platform/radio/rail_lib/autogen/librail_release/librail_efr32xg23_gcc_release.a(rfhal_timings.o)
                0x0800bc04                RAILINT_80090d97c419b275ef1f41db6daa21d4
 .text.RAILINT_9743c96ef075be688881e5d1e5667476
                0x0800bc40       0x6c C:/Users/hp/SimplicityStudio/SDKs/gecko_sdk//platform/radio/rail_lib/autogen/librail_release/librail_efr32xg23_gcc_release.a(seq_globals.o)
                0x0800bc40                RAILINT_9743c96ef075be688881e5d1e5667476
 .text.RAILINT_816f3580c5ff0e8ca0af376c3a66a219